******************************************************************************
                  TI ARM Linker PC v20.2.5                     
******************************************************************************
>> Linked Sat Jul  9 20:59:00 2022

OUTPUT FILE NAME:   <CC1352P_antenna_measurement.out>
ENTRY POINT SYMBOL: "ResetISR"  address: 00006ad5


MEMORY CONFIGURATION

         name            origin    length      used     unused   attr    fill
----------------------  --------  ---------  --------  --------  ----  --------
  FLASH                 00000000   00058000  0000aae7  0004d519  R  X
  GPRAM                 11000000   00002000  00000000  00002000  RW X
  SRAM                  20000000   00014000  00005930  0000e6d0  RW X
  LOG_DATA              90000000   00040000  00000000  00040000  R   


SEGMENT ALLOCATION MAP

run origin  load origin   length   init length attrs members
----------  ----------- ---------- ----------- ----- -------
00000000    00000000    0000a91f   0000a91f    r-x
  00000000    00000000    0000003c   0000003c    r-- .resetVecs
  0000003c    0000003c    00009878   00009878    r-x .text
  000098b4    000098b4    0000106b   0000106b    r-- .const
0000a920    0000a920    00000008   00000008    rw-
  0000a920    0000a920    00000008   00000008    rw- .args
0000a928    0000a928    00000168   00000168    r--
  0000a928    0000a928    00000168   00000168    r-- .cinit
00057fa8    00057fa8    00000058   00000058    r--
  00057fa8    00057fa8    00000058   00000058    r-- .ccfg
200000d8    200000d8    00001439   00000000    rw-
  200000d8    200000d8    00000cf7   00000000    rw- .data
  20000dd0    20000dd0    00000741   00000000    rw- .bss
20001810    20001810    00000010   00000000    rw-
  20001810    20001810    00000010   00000000    rw- .TI.bound:dmaUart0RxControlTableEntry
20001820    20001820    00000010   00000000    rw-
  20001820    20001820    00000010   00000000    rw- .TI.bound:dmaUart0TxControlTableEntry
20001830    20001830    00004000   00000000    r--
  20001830    20001830    00004000   00000000    r-- .priheap
20013c00    20013c00    00000400   00000000    rw-
  20013c00    20013c00    00000400   00000000    rw- .stack


SECTION ALLOCATION MAP

 output                                  attributes/
section   page    origin      length       input sections
--------  ----  ----------  ----------   ----------------
.binit     0    00000000    00000000     

.cinit     0    0000a928    00000168     
                  0000a928    00000123     (.cinit..data.load) [load image, compression = lzss]
                  0000aa4b    00000001     --HOLE-- [fill = 0]
                  0000aa4c    0000000c     (__TI_handler_table)
                  0000aa58    00000008     (.cinit..TI.bound:dmaUart0RxControlTableEntry.load) [load image, compression = zero_init]
                  0000aa60    00000008     (.cinit..TI.bound:dmaUart0TxControlTableEntry.load) [load image, compression = zero_init]
                  0000aa68    00000008     (.cinit..bss.load) [load image, compression = zero_init]
                  0000aa70    00000020     (__TI_cinit_table)

.init_array 
*          0    00000000    00000000     UNINITIALIZED

.ccfg      0    00057fa8    00000058     
                  00057fa8    00000058     ti_devices_config.obj (.ccfg:retain)

.data      0    200000d8    00000cf7     UNINITIALIZED
                  200000d8    00000508     rf_multiMode_cc13x2.a : RFCC26X2_multiMode.c.cc13x2.ccs.o (.data:$O1$$)
                  200005e0    00000390     ti_sysbios_config.obj (.data:$O1$$)
                  20000970    00000188     uart2callback.obj (.data:$O1$$)
                  20000af8    00000170     drivers_cc13x2.a : PowerCC26X2.oem4f (.data:PowerCC26X2_module)
                  20000c68    0000007c     ti_drivers_config.obj (.data:gpioPinConfigs)
                  20000ce4    00000030     ti_radio_config.obj (.data:RF_cmdPropRadioDivSetup_custom2400_1)
                  20000d14    00000024     driverlib.lib : osc.obj (.data:$O1$$)
                  20000d38    00000024     ti_radio_config.obj (.data:RF_cmdPropRx_custom2400_1)
                  20000d5c    00000018     ti_radio_config.obj (.data:RF_cmdFs_custom2400_1)
                  20000d74    00000018     ti_radio_config.obj (.data:RF_cmdPropTx_custom2400_1)
                  20000d8c    00000014     ti_radio_config.obj (.data:pOverrides_custom2400_1)
                  20000da0    00000010     ti_radio_config.obj (.data:RF_prop_custom2400_1)
                  20000db0    00000008     rtsv7M4_T_le_v4SPD16_eabi.lib : _lock.c.obj (.data:$O1$$)
                  20000db8    00000008     rf_multiMode_cc13x2.a : RFCC26X2_multiMode.c.cc13x2.ccs.o (.data:RFCC26XX_schedulerPolicy)
                  20000dc0    00000004     rtsv7M4_T_le_v4SPD16_eabi.lib : errno.c.obj (.data)
                  20000dc4    00000004                                   : rand.c.obj (.data)
                  20000dc8    00000004                                   : stkdepth_vars.c.obj (.data)
                  20000dcc    00000001     drivers_cc13x2.a : GPIOCC26XX.oem4f (.data)
                  20000dcd    00000001     rf_multiMode_cc13x2.a : rf_patch_cpe_prop.c.cc13x2.ccs.o (.data)
                  20000dce    00000001     ti_sysbios_config.obj (.data)

.bss       0    20000dd0    00000741     UNINITIALIZED
                  20000dd0    00000200     (.common:ti_sysbios_knl_Idle_taskStack)
                  20000fd0    000001f0     (.common:uart2CC26X2Objects)
                  200011c0    000000d8     (.common:ti_sysbios_family_arm_m3_Hwi_dispatchTable)
                  20001298    0000007c     (.common:gpioCallbackFunctions)
                  20001314    0000007c     (.common:gpioUserArgs)
                  20001390    00000068     uart2callback.obj (.bss:rxDataEntryBuffer)
                  200013f8    00000030     (.common:ti_sysbios_knl_Swi_readyQs)
                  20001428    00000030     (.common:ti_sysbios_knl_Task_readyQs)
                  20001458    00000020     ti_drivers_config.obj (.bss:uart2RxRingBuffer0)
                  20001478    00000020     ti_drivers_config.obj (.bss:uart2TxRingBuffer0)
                  20001498    00000020     (.common:ti_sysbios_runtime_System_atexitHandlers)
                  200014b8    00000020     (.common:udmaCC26XXObject)
                  200014d8    0000001c     drivers_cc13x2.a : GPIOCC26XX.oem4f (.bss:gpioHwi)
                  200014f4    00000014     rf_multiMode_cc13x2.a : RFCC26X2_multiMode.c.cc13x2.ccs.o (.bss:RF_ratSyncCmd)
                  20001508    00000004     uart2callback.obj (.bss)
                  2000150c    00000004     (.common:readEntry)
                  20001510    00000001     rf_multiMode_cc13x2.a : RFCC26X2_multiMode.c.cc13x2.ccs.o (.bss)

.stack     0    20013c00    00000400     UNINITIALIZED
                  20013c00    00000400     --HOLE--

.priheap   0    20001830    00004000     UNINITIALIZED
                  20001830    00004000     --HOLE--

.log_data 
*          0    90000000    00000000     COPY SECTION

.resetVecs 
*          0    00000000    0000003c     
                  00000000    0000003c     ti_sysbios_config.obj (.resetVecs)

.vecs      0    20000000    000000d8     NOLOAD SECTION
                  20000000    000000d8     ti_sysbios_config.obj (.vecs)

.text      0    0000003c    00009878     
                  0000003c    00000a4e     rtsv7M4_T_le_v4SPD16_eabi.lib : _printfi.c.obj (.text:__TI_printfi)
                  00000a8a    00000002     ti_sysbios_config.obj (.text:BIOS_nullFunc)
                  00000a8c    000004c0     rf_multiMode_cc13x2.a : RFCC26X2_multiMode.c.cc13x2.ccs.o (.text:RF_fsmActiveState)
                  00000f4c    0000048c     uart2callback.obj (.text:mainThread)
                  000013d8    00000298     rf_multiMode_cc13x2.a : RFCC26X2_multiMode.c.cc13x2.ccs.o (.text:RF_open)
                  00001670    00000298     drivers_cc13x2.a : UART2.oem4f (.text:UART2_writeTimeout)
                  00001908    00000270     rtsv7M4_T_le_v4SPD16_eabi.lib : _printfi.c.obj (.text:_pconv_a)
                  00001b78    00000200     drivers_cc13x2.a : UART2CC26X2.oem4f (.text:UART2CC26X2_hwiIntFxn)
                  00001d78    00000200                      : UART2.oem4f (.text:UART2_readTimeout)
                  00001f78    000001dc     rf_multiMode_cc13x2.a : RFCC26X2_multiMode.c.cc13x2.ccs.o (.text:RF_dispatchNextCmd)
                  00002154    000001d8     drivers_cc13x2.a : UART2CC26X2.oem4f (.text:UART2_open)
                  0000232c    000001d0     rtsv7M4_T_le_v4SPD16_eabi.lib : _printfi.c.obj (.text:_pconv_g)
                  000024fc    000001b6                                   : fd_add_t2.asm.obj (.text)
                  000026b2    00000002     ti_drivers_config.obj (.text:Board_initHook)
                  000026b4    00000184     drivers_cc13x2.a : PowerCC26X2.oem4f (.text:Power_sleep)
                  00002838    00000154     rf_multiMode_cc13x2.a : RFCC26X2_multiMode.c.cc13x2.ccs.o (.text:RF_radioOpDoneCb)
                  0000298c    00000144                           : RFCC26X2_multiMode.c.cc13x2.ccs.o (.text:RF_fsmSetupState)
                  00002ad0    0000013c     rtsv7M4_T_le_v4SPD16_eabi.lib : _printfi.c.obj (.text:_pconv_e)
                  00002c0c    00000138     rf_multiMode_cc13x2.a : RFCC26X2_multiMode.c.cc13x2.ccs.o (.text:RF_abortCmd)
                  00002d44    00000136     rtsv7M4_T_le_v4SPD16_eabi.lib : fd_div_t2.asm.obj (.text)
                  00002e7a    00000002     rf_multiMode_cc13x2.a : rfc.c.cc13x2.ccs.o (.text:NOROM_RFCCpePatchReset)
                  00002e7c    00000134     ti_sysbios_config.obj (.text:ti_sysbios_family_arm_cc26xx_Timer_construct)
                  00002fb0    00000130     drivers_cc13x2.a : PowerCC26X2_calibrateRCOSC.oem4f (.text:calibrateRcoscHf1)
                  000030e0    0000012c                      : UART2CC26X2.oem4f (.text:UART2CC26X2_initHw)
                  0000320c    00000124                      : PowerCC26X2.oem4f (.text:Power_init)
                  00003330    00000124     rtsv7M4_T_le_v4SPD16_eabi.lib : _printfi.c.obj (.text:fcvt)
                  00003454    00000114     drivers_cc13x2.a : PowerCC26X2_calibrateRCOSC.oem4f (.text:runCalibrateFsm)
                  00003568    00000110     rtsv7M4_T_le_v4SPD16_eabi.lib : s_scalbn.c.obj (.text:scalbn)
                  00003678    00000104     rf_multiMode_cc13x2.a : RFCC26X2_multiMode.c.cc13x2.ccs.o (.text:RF_hwiCpe0Active)
                  0000377c    000000fc     rtsv7M4_T_le_v4SPD16_eabi.lib : fd_mul_t2.asm.obj (.text)
                  00003878    000000fc     ti_sysbios_config.obj (.text:ti_sysbios_knl_TaskSupport_buildTaskStack)
                  00003974    000000f8     rf_multiMode_cc13x2.a : RFCC26X2_multiMode.c.cc13x2.ccs.o (.text:RF_decodeOverridePointers)
                  00003a6c    000000f8     ti_sysbios_config.obj (.text:pthread_create)
                  00003b64    000000f8     ti_drivers_config.obj (.text:rfDriverCallbackAntennaSwitching)
                  00003c5c    000000f8     ti_sysbios_config.obj (.text:ti_sysbios_family_arm_m3_Hwi_excFillContext)
                  00003d54    000000f4     sysbios.a : Hwi_asm.obj (.text:ti_sysbios_family_arm_m3_Hwi_dispatch)
                  00003e48    000000f0     driverlib.lib : sys_ctrl.obj (.text:NOROM_SysCtrlStandby)
                  00003f38    000000f0     rf_multiMode_cc13x2.a : RFCC26X2_multiMode.c.cc13x2.ccs.o (.text:RF_fsmPowerUpState)
                  00004028    000000e8     drivers_cc13x2.a : GPIOCC26XX.oem4f (.text:GPIO_init)
                  00004110    000000e8                      : UART2CC26X2.oem4f (.text:UART2Support_dmaStartRx)
                  000041f8    000000e4     rf_multiMode_cc13x2.a : RFCC26X2_multiMode.c.cc13x2.ccs.o (.text:RF_postCmd)
                  000042dc    000000e4     drivers_cc13x2.a : PowerCC26X2.oem4f (.text:configureXOSCHF)
                  000043c0    000000d8     rf_multiMode_cc13x2.a : RFCC26X2_multiMode.c.cc13x2.ccs.o (.text:RF_pendCmd)
                  00004498    000000d2                           : RFCC26X2_multiMode.c.cc13x2.ccs.o (.text:RF_updatePaConfiguration)
                  0000456a    00000002                           : RFCC26X2_multiMode.c.cc13x2.ccs.o (.text:RF_defaultCallback)
                  0000456c    000000cc                           : RFCC26X2_multiMode.c.cc13x2.ccs.o (.text:RF_swiHw)
                  00004638    000000c4     ti_sysbios_config.obj (.text:ti_sysbios_knl_Semaphore_pend)
                  000046fc    000000c0     drivers_cc13x2.a : PowerCC26X2.oem4f (.text:Power_releaseDependency)
                  000047bc    000000c0     ti_sysbios_config.obj (.text:ti_sysbios_knl_Task_Instance_init)
                  0000487c    000000bc     driverlib.lib : setup.obj (.text:NOROM_SetupTrimDevice)
                  00004938    000000bc     rf_multiMode_cc13x2.a : RFCC26X2_multiMode.c.cc13x2.ccs.o (.text:RF_initRadioSetup)
                  000049f4    000000b8     drivers_cc13x2.a : PowerCC26X2.oem4f (.text:Power_setDependency)
                  00004aac    000000b4     driverlib.lib : setup.obj (.text:TrimAfterColdResetWakeupFromShutDown)
                  00004b60    000000b1     rtsv7M4_T_le_v4SPD16_eabi.lib : _printfi.c.obj (.text:_ltostr)
                  00004c11    00000001     --HOLE-- [fill = 0]
                  00004c12    00000002     drivers_cc13x2.a : UART2CC26X2.oem4f (.text:UART2CC26X2_eventCallback)
                  00004c14    000000b0     ti_sysbios_config.obj (.text:PowerCC26XX_standbyPolicy)
                  00004cc4    000000b0     ti_sysbios_config.obj (.text:ti_sysbios_knl_Clock_workFuncDynamic)
                  00004d74    000000b0     ti_sysbios_config.obj (.text:ti_sysbios_knl_Task_setPri)
                  00004e24    000000ac     drivers_cc13x2.a : UART2CC26X2.oem4f (.text:UART2Support_dmaStartTx)
                  00004ed0    000000a4     rf_multiMode_cc13x2.a : RFCC26X2_multiMode.c.cc13x2.ccs.o (.text:RF_ratRestartChannels)
                  00004f74    000000a0                           : RFCC26X2_multiMode.c.cc13x2.ccs.o (.text:RF_cmdDispatchTime)
                  00005014    000000a0     sysbios.a : auto_init.obj (.text)
                  000050b4    0000009c     rtsv7M4_T_le_v4SPD16_eabi.lib : memcpy_t2.asm.obj (.text)
                  00005150    0000009c     ti_sysbios_config.obj (.text:ti_sysbios_knl_Task_Instance_finalize)
                  000051ec    00000098     rf_multiMode_cc13x2.a : RFCC26X2_multiMode.c.cc13x2.ccs.o (.text:RF_calculateDispatchTime)
                  00005284    00000096     rtsv7M4_T_le_v4SPD16_eabi.lib : ull_div_t2.asm.obj (.text)
                  0000531a    00000002                                   : _lock.c.obj (.text:_nop)
                  0000531c    00000090     rf_multiMode_cc13x2.a : RFCC26X2_multiMode.c.cc13x2.ccs.o (.text:RF_discardPendCmd)
                  000053ac    0000008c     ti_sysbios_config.obj (.text:ti_sysbios_family_arm_m3_Hwi_initNVIC)
                  00005438    00000088     driverlib.lib : osc.obj (.text:NOROM_OSCHF_AttemptToSwitchToXosc)
                  000054c0    00000088     RFQueue.obj (.text:RFQueue_defineQueue)
                  00005548    00000088     rf_multiMode_cc13x2.a : RFCC26X2_multiMode.c.cc13x2.ccs.o (.text:RF_getTxPower)
                  000055d0    00000088     ti_sysbios_config.obj (.text:ti_sysbios_family_arm_m3_Hwi_Instance_init)
                  00005658    00000086     rtsv7M4_T_le_v4SPD16_eabi.lib : fd_cmp_t2.asm.obj (.text:__aeabi_cdcmple)
                  000056de    00000086                                   : fd_cmp_t2.asm.obj (.text:__aeabi_cdrcmple)
                  00005764    00000084     drivers_cc13x2.a : PowerCC26X2_calibrateRCOSC_helpers.oem4f (.text:PowerCC26X2_updateSubSecInc)
                  000057e8    00000084     rf_multiMode_cc13x2.a : RFCC26X2_multiMode.c.cc13x2.ccs.o (.text:RF_issueRadioFreeCb)
                  0000586c    00000084                           : RFCC26X2_multiMode.c.cc13x2.ccs.o (.text:RF_verifyGap)
                  000058f0    00000080     driverlib.lib : chipinfo.obj (.text:NOROM_ChipInfo_GetChipType)
                  00005970    00000080                   : sys_ctrl.obj (.text:NOROM_SysCtrlSetRechargeBeforePowerDown)
                  000059f0    00000080     ti_sysbios_config.obj (.text:ti_sysbios_knl_Idle_init)
                  00005a70    00000080     ti_sysbios_config.obj (.text:ti_sysbios_knl_Task_checkStacks)
                  00005af0    0000007c     drivers_cc13x2.a : GPIOCC26XX.oem4f (.text:GPIO_setConfig)
                  00005b6c    0000007c     rf_multiMode_cc13x2.a : RFCC26X2_multiMode.c.cc13x2.ccs.o (.text:RF_ratFreeChannel)
                  00005be8    0000007c     ti_sysbios_config.obj (.text:_pthread_removeThreadKeys)
                  00005c64    0000007a     rtsv7M4_T_le_v4SPD16_eabi.lib : memset_t2.asm.obj (.text)
                  00005cde    00000002     drivers_cc13x2.a : PowerCC26X2.oem4f (.text:emptyClockFunc)
                  00005ce0    00000078                      : PowerCC26X2_calibrateRCOSC.oem4f (.text:PowerCC26X2_auxISR)
                  00005d58    00000078     ti_sysbios_config.obj (.text:ti_sysbios_knl_Task_postInit)
                  00005dd0    00000076     drivers_cc13x2.a : UART2CC26X2.oem4f (.text:UART2CC26X2_readCallback)
                  00005e46    00000074     ti_sysbios_config.obj (.text:ti_sysbios_heaps_HeapMem_allocUnprotected)
                  00005eba    00000002     ti_drivers_config.obj (.text:rfDriverCallback)
                  00005ebc    00000074     ti_sysbios_config.obj (.text:ti_sysbios_knl_Clock_startI)
                  00005f30    00000074     ti_sysbios_config.obj (.text:ti_sysbios_knl_Swi_restoreHwi)
                  00005fa4    00000072     rf_multiMode_cc13x2.a : RFCC26X2_multiMode.c.cc13x2.ccs.o (.text:RF_detachOverrides)
                  00006016    00000070                           : rfc.c.cc13x2.ccs.o (.text:NOROM_RFCAnaDivTxOverride)
                  00006086    00000002     rtsv7M4_T_le_v4SPD16_eabi.lib : div0.asm.obj (.text)
                  00006088    00000070     rf_multiMode_cc13x2.a : RFCC26X2_multiMode.c.cc13x2.ccs.o (.text:RF_getCurrentTime)
                  000060f8    00000070     drivers_cc13x2.a : UART2CC26X2.oem4f (.text:UART2Support_dmaStopTx)
                  00006168    0000006e     rf_multiMode_cc13x2.a : RFCC26X2_multiMode.c.cc13x2.ccs.o (.text:RF_attachOverrides)
                  000061d6    0000006e                           : RFCC26X2_multiMode.c.cc13x2.ccs.o (.text:RF_howToSchedule)
                  00006244    0000006e     rtsv7M4_T_le_v4SPD16_eabi.lib : _printfi.c.obj (.text:_mcpy)
                  000062b2    00000002     ti_sysbios_config.obj (.text:ti_sysbios_runtime_System_exitSpin)
                  000062b4    0000006c     rf_multiMode_cc13x2.a : RFCC26X2_multiMode.c.cc13x2.ccs.o (.text:RF_dispatchNextEvent)
                  00006320    0000006c     ti_sysbios_config.obj (.text:ti_sysbios_knl_Clock_walkQueueDynamic)
                  0000638c    0000006c     ti_sysbios_config.obj (.text:ti_sysbios_knl_Swi_run)
                  000063f8    0000006c     ti_sysbios_config.obj (.text:ti_sysbios_knl_Task_schedule)
                  00006464    00000068     driverlib.lib : osc.obj (.text:NOROM_OSCHF_SwitchToRcOscTurnOffXosc)
                  000064cc    00000068     rf_multiMode_cc13x2.a : RFCC26X2_multiMode.c.cc13x2.ccs.o (.text:RF_hwiHw)
                  00006534    00000068     rtsv7M4_T_le_v4SPD16_eabi.lib : copy_decompress_lzss.c.obj (.text:decompress:lzss:__TI_decompress_lzss)
                  0000659c    00000068     ti_sysbios_config.obj (.text:ti_sysbios_knl_Task_startup)
                  00006604    00000064     drivers_cc13x2.a : UART2CC26X2.oem4f (.text:UART2Support_dmaStopRx)
                  00006668    00000064     rtsv7M4_T_le_v4SPD16_eabi.lib : s_frexp.c.obj (.text:frexp)
                  000066cc    00000064     main_tirtos.obj (.text:main)
                  00006730    00000064     ti_sysbios_config.obj (.text:ti_sysbios_knl_Clock_init)
                  00006794    00000062     rf_multiMode_cc13x2.a : RFCC26X2_multiMode.c.cc13x2.ccs.o (.text:RF_syncCb)
                  000067f6    00000002     --HOLE-- [fill = 0]
                  000067f8    00000060                           : RFCC26X2_multiMode.c.cc13x2.ccs.o (.text:RF_applyRfCorePatch)
                  00006858    0000005c     driverlib.lib : prcm.obj (.text:NOROM_PRCMPowerDomainsAllOff)
                  000068b4    0000005c     rf_multiMode_cc13x2.a : RFCC26X2_multiMode.c.cc13x2.ccs.o (.text:RF_hwiCpe0PowerFsm)
                  00006910    0000005c     ti_sysbios_config.obj (.text:ti_sysbios_family_arm_m3_Hwi_postInit)
                  0000696c    0000005c     ti_sysbios_config.obj (.text:ti_sysbios_knl_Swi_Instance_init)
                  000069c8    0000005c     ti_sysbios_config.obj (.text:ti_sysbios_knl_Swi_schedule)
                  00006a24    00000058     drivers_cc13x2.a : PowerCC26X2_calibrateRCOSC.oem4f (.text:PowerCC26X2_initiateCalibration)
                  00006a7c    00000058     ti_sysbios_config.obj (.text:pthread_exit)
                  00006ad4    00000058     sysbios.a : boot.obj (.text)
                  00006b2c    00000058     ti_sysbios_config.obj (.text:ti_sysbios_family_arm_m3_Hwi_dispatchC)
                  00006b84    00000058     ti_sysbios_config.obj (.text:ti_sysbios_family_arm_m3_Hwi_excHandlerMin)
                  00006bdc    00000058     sysbios.a : Hwi_asm_switch.obj (.text:ti_sysbios_family_arm_m3_Hwi_initStacks)
                  00006c34    00000058     ti_sysbios_config.obj (.text:ti_sysbios_heaps_HeapMem_freeUnprotected)
                  00006c8c    00000058     ti_sysbios_config.obj (.text:ti_sysbios_knl_Semaphore_post)
                  00006ce4    00000058     ti_sysbios_config.obj (.text:ti_sysbios_knl_Swi_runLoop)
                  00006d3c    00000056     ti_drivers_config.obj (.text:Board_sendExtFlashByte)
                  00006d92    00000056     rf_multiMode_cc13x2.a : RFCC26X2_multiMode.c.cc13x2.ccs.o (.text:RF_defaultSubmitPolicy)
                  00006de8    00000056     rtsv7M4_T_le_v4SPD16_eabi.lib : _printfi.c.obj (.text:_pconv_f)
                  00006e3e    00000002     --HOLE-- [fill = 0]
                  00006e40    00000054     ti_drivers_config.obj (.text:Board_shutDownExtFlash)
                  00006e94    00000054     rf_multiMode_cc13x2.a : RFCC26X2_multiMode.c.cc13x2.ccs.o (.text:RF_fsmXOSCState)
                  00006ee8    00000054     drivers_cc13x2.a : UART2CC26X2.oem4f (.text:UART2_flushRx)
                  00006f3c    00000054     rtsv7M4_T_le_v4SPD16_eabi.lib : _ltoa.c.obj (.text:__TI_ltoa)
                  00006f90    00000054     ti_sysbios_config.obj (.text:ti_sysbios_family_arm_cc26xx_Timer_dynamicMultiStub)
                  00006fe4    00000052     rtsv7M4_T_le_v4SPD16_eabi.lib : _printfi.c.obj (.text:_ecpy)
                  00007036    00000002     --HOLE-- [fill = 0]
                  00007038    00000050     drivers_cc13x2.a : GPIOCC26XX.oem4f (.text:GPIO_hwiIntFxn)
                  00007088    00000050                      : UART2CC26X2.oem4f (.text:UART2Support_dmaRefreshRx)
                  000070d8    0000004c     ti_sysbios_config.obj (.text:BIOS_init)
                  00007124    0000004c     driverlib.lib : prcm.obj (.text:NOROM_PRCMPowerDomainsAllOn)
                  00007170    0000004c     rf_multiMode_cc13x2.a : RFCC26X2_multiMode.c.cc13x2.ccs.o (.text:RF_wakeupNotification)
                  000071bc    0000004c     ti_sysbios_config.obj (.text:SwiP_construct)
                  00007208    0000004c     drivers_cc13x2.a : UDMACC26XX.oem4f (.text:UDMACC26XX_open)
                  00007254    0000004c     rtsv7M4_T_le_v4SPD16_eabi.lib : atoi.c.obj (.text:atoi)
                  000072a0    0000004c                                   : cpy_tbl.c.obj (.text:copy_in)
                  000072ec    0000004c     drivers_cc13x2.a : PowerCC26X2.oem4f (.text:switchXOSCHF)
                  00007338    0000004c     ti_sysbios_config.obj (.text:ti_sysbios_heaps_HeapMem_Instance_init)
                  00007384    0000004c     ti_sysbios_config.obj (.text:ti_sysbios_knl_Swi_post)
                  000073d0    00000048     rf_multiMode_cc13x2.a : rfc.c.cc13x2.ccs.o (.text:NOROM_RFCSynthPowerDown)
                  00007418    00000048     drivers_cc13x2.a : PowerCC26X2.oem4f (.text:PowerCC26XX_switchXOSC_HF)
                  00007460    00000048                      : PowerCC26X2_calibrateRCOSC.oem4f (.text:calibrateRcoscHf2)
                  000074a8    00000048     uart2callback.obj (.text:parseInputString)
                  000074f0    00000048     rtsv7M4_T_le_v4SPD16_eabi.lib : fd_toi_t2.asm.obj (.text)
                  00007538    00000048     ti_sysbios_config.obj (.text:ti_sysbios_family_arm_m3_Hwi_disableInterrupt)
                  00007580    00000048     ti_sysbios_config.obj (.text:ti_sysbios_heaps_HeapMem_alloc)
                  000075c8    00000046     drivers_cc13x2.a : RingBuf.oem4f (.text:RingBuf_put)
                  0000760e    00000002     --HOLE-- [fill = 0]
                  00007610    00000044     ti_sysbios_config.obj (.text:BIOS_startFunc)
                  00007654    00000044     driverlib.lib : chipinfo.obj (.text:NOROM_ChipInfo_GetHwRevision)
                  00007698    00000044     uart2callback.obj (.text:callback)
                  000076dc    00000044     ti_sysbios_config.obj (.text:ti_sysbios_family_arm_cc26xx_Timer_start)
                  00007720    00000044     ti_sysbios_config.obj (.text:ti_sysbios_family_arm_m3_Hwi_enableInterrupt)
                  00007764    00000044     ti_sysbios_config.obj (.text:ti_sysbios_family_arm_m3_Hwi_getStackInfo)
                  000077a8    00000044     ti_sysbios_config.obj (.text:ti_sysbios_heaps_HeapMem_getStats)
                  000077ec    00000040     ti_sysbios_config.obj (.text:HwiP_construct)
                  0000782c    00000040     driverlib.lib : osc.obj (.text:NOROM_OSC_HPOSCRelativeFrequencyOffsetGet)
                  0000786c    00000040     drivers_cc13x2.a : PowerCC26X2_calibrateRCOSC.oem4f (.text:PowerCC26X2_RCOSC_clockFunc)
                  000078ac    00000040                      : PowerCC26X2_helpers.oem4f (.text:PowerCC26X2_oscDisableQualifiers)
                  000078ec    00000040                      : PowerCC26X2_calibrateRCOSC_helpers.oem4f (.text:PowerCC26X2_setAclkRefSrc)
                  0000792c    00000040                      : PowerCC26X2.oem4f (.text:PowerCC26XX_isStableXOSC_HF)
                  0000796c    00000040     rf_multiMode_cc13x2.a : RFCC26X2_multiMode.c.cc13x2.ccs.o (.text:RF_updatePowerupDuration)
                  000079ac    00000040                           : rf_patch_cpe_prop.c.cc13x2.ccs.o (.text:configurePropPatch)
                  000079ec    00000040     rtsv7M4_T_le_v4SPD16_eabi.lib : sprintf.c.obj (.text:sprintf)
                  00007a2c    00000040     ti_sysbios_config.obj (.text:ti_sysbios_family_arm_cc26xx_Timer_setThreshold)
                  00007a6c    00000040     ti_sysbios_config.obj (.text:ti_sysbios_knl_Task_blockI)
                  00007aac    0000003e     drivers_cc13x2.a : RingBuf.oem4f (.text:RingBuf_putAdvance)
                  00007aea    0000003e     rtsv7M4_T_le_v4SPD16_eabi.lib : _printfi.c.obj (.text:_fcpy)
                  00007b28    0000003c     driverlib.lib : osc.obj (.text:InternCapArrayAdjustWithBaseline7001F)
                  00007b64    0000003c     drivers_cc13x2.a : PowerCC26X2_calibrateRCOSC_helpers.oem4f (.text:PowerCC26X2_setTdcClkSrc24M)
                  00007ba0    0000003c     rf_multiMode_cc13x2.a : RFCC26X2_multiMode.c.cc13x2.ccs.o (.text:RF_cmdGet)
                  00007bdc    0000003c                           : RFCC26X2_multiMode.c.cc13x2.ccs.o (.text:RF_cmdStoreEvents)
                  00007c18    0000003c     ti_sysbios_config.obj (.text:ti_sysbios_family_arm_m3_Hwi_construct2)
                  00007c54    0000003c     ti_sysbios_config.obj (.text:ti_sysbios_knl_ClockSupport_init)
                  00007c90    0000003c     ti_sysbios_config.obj (.text:ti_sysbios_knl_Task_exit)
                  00007ccc    00000038     rf_multiMode_cc13x2.a : RFCC26X2_multiMode.c.cc13x2.ccs.o (.text:RF_checkCmdFsError)
                  00007d04    00000038     drivers_cc13x2.a : UART2CC26X2.oem4f (.text:UART2Support_sendData)
                  00007d3c    00000038                      : UART2.oem4f (.text:UART2_rxEnable)
                  00007d74    00000038                      : PowerCC26X2.oem4f (.text:notify)
                  00007dac    00000038     ti_sysbios_config.obj (.text:ti_sysbios_family_arm_m3_Hwi_init)
                  00007de4    00000038     ti_sysbios_config.obj (.text:ti_sysbios_heaps_HeapMem_construct)
                  00007e1c    00000038     ti_sysbios_config.obj (.text:ti_sysbios_knl_Swi_restore)
                  00007e54    00000038     ti_sysbios_config.obj (.text:ti_sysbios_knl_Task_processVitalTaskFlag)
                  00007e8c    00000038     ti_sysbios_config.obj (.text:ti_sysbios_runtime_Memory_alloc)
                  00007ec4    00000038     ti_sysbios_config.obj (.text:ti_sysbios_runtime_Startup_exec)
                  00007efc    00000034     ti_sysbios_config.obj (.text:ClockP_construct)
                  00007f30    00000034     driverlib.lib : aux_sysif.obj (.text:NOROM_AUXSYSIFOpModeChange)
                  00007f64    00000034                   : sys_ctrl.obj (.text:NOROM_SysCtrlIdle)
                  00007f98    00000034     rf_multiMode_cc13x2.a : RFCC26X2_multiMode.c.cc13x2.ccs.o (.text:RF_powerConstraintRelease)
                  00007fcc    00000034     drivers_cc13x2.a : RingBuf.oem4f (.text:RingBuf_getConsume)
                  00008000    00000034                      : RingBuf.oem4f (.text:RingBuf_putPointer)
                  00008034    00000034                      : UART2CC26X2.oem4f (.text:UART2CC26X2_initIO)
                  00008068    00000034     rtsv7M4_T_le_v4SPD16_eabi.lib : rand.c.obj (.text:rand)
                  0000809c    00000034     ti_sysbios_config.obj (.text:ti_sysbios_family_arm_m3_Hwi_Instance_finalize)
                  000080d0    00000034     ti_sysbios_config.obj (.text:ti_sysbios_knl_Task_create)
                  00008104    00000034     ti_sysbios_config.obj (.text:ti_sysbios_knl_Task_unblockI)
                  00008138    00000034     ti_sysbios_config.obj (.text:ti_sysbios_runtime_System_atexit)
                  0000816c    00000032     ti_sysbios_config.obj (.text:ti_sysbios_family_arm_cc26xx_Timer_setNextTick)
                  0000819e    00000002     --HOLE-- [fill = 0]
                  000081a0    00000030     ti_sysbios_config.obj (.text:BIOS_atExitFunc)
                  000081d0    00000030     ti_drivers_config.obj (.text:Board_wakeUpExtFlash)
                  00008200    00000030     drivers_cc13x2.a : GPIO.oem4f (.text:GPIO_resetConfig)
                  00008230    00000030                      : PowerCC26X2.oem4f (.text:Power_releaseConstraint)
                  00008260    00000030                      : PowerCC26X2.oem4f (.text:Power_setConstraint)
                  00008290    00000030     ti_sysbios_config.obj (.text:SemaphoreP_construct)
                  000082c0    00000030     driverlib.lib : osc.obj (.text:SpecialCapArrayWorkaroundEnabledAndNeeded)
                  000082f0    00000030     ti_sysbios_config.obj (.text:ti_sysbios_family_arm_cc26xx_Timer_getCurrentTick)
                  00008320    00000030     ti_sysbios_config.obj (.text:ti_sysbios_heaps_HeapMem_free)
                  00008350    00000030     ti_sysbios_config.obj (.text:ti_sysbios_knl_Clock_Instance_init)
                  00008380    00000030     ti_sysbios_config.obj (.text:ti_sysbios_knl_Clock_getTicksUntilInterrupt)
                  000083b0    00000030     ti_sysbios_config.obj (.text:ti_sysbios_knl_TaskSupport_start)
                  000083e0    00000030     ti_sysbios_config.obj (.text:ti_sysbios_knl_Task_restore)
                  00008410    0000002e     drivers_cc13x2.a : UART2CC26X2.oem4f (.text:UART2Support_enableInts)
                  0000843e    0000002e     ti_sysbios_config.obj (.text:pthread_setcancelstate)
                  0000846c    0000002e     rtsv7M4_T_le_v4SPD16_eabi.lib : i_tofd_t2.asm.obj (.text)
                  0000849a    0000002e     ti_sysbios_config.obj (.text:ti_sysbios_family_arm_m3_Hwi_initStack)
                  000084c8    0000002c     rf_multiMode_cc13x2.a : RFCC26X2_multiMode.c.cc13x2.ccs.o (.text:RF_executeDirectImmediateCmd)
                  000084f4    0000002c                           : rf_patch_cpe_prop.c.cc13x2.ccs.o (.text:applyPropPatch)
                  00008520    0000002c     ti_sysbios_config.obj (.text:sem_init)
                  0000854c    0000002c     ti_sysbios_config.obj (.text:ti_sysbios_knl_Semaphore_pendTimeout)
                  00008578    0000002c     ti_sysbios_config.obj (.text:ti_sysbios_runtime_System_processAtExit)
                  000085a4    0000002a     drivers_cc13x2.a : List.oem4f (.text:List_insert)
                  000085ce    0000002a     rf_multiMode_cc13x2.a : RFCC26X2_multiMode.c.cc13x2.ccs.o (.text:RF_searchAndReplacePAOverride)
                  000085f8    0000002a     drivers_cc13x2.a : RingBuf.oem4f (.text:RingBuf_getPointer)
                  00008622    0000002a     ti_sysbios_config.obj (.text:ti_sysbios_gates_GateMutex_enter)
                  0000864c    0000002a     ti_sysbios_config.obj (.text:ti_sysbios_knl_Clock_getTimeout)
                  00008676    00000002     --HOLE-- [fill = 0]
                  00008678    00000028     ti_sysbios_config.obj (.text:BIOS_rtsLock)
                  000086a0    00000028     rf_multiMode_cc13x2.a : rfc.c.cc13x2.ccs.o (.text:NOROM_RFCOverrideSearch)
                  000086c8    00000028     drivers_cc13x2.a : PowerCC26X2.oem4f (.text:Power_registerNotify)
                  000086f0    00000028     rf_multiMode_cc13x2.a : RFCC26X2_multiMode.c.cc13x2.ccs.o (.text:RF_calculateDeltaTimeUs)
                  00008718    00000028                           : RFCC26X2_multiMode.c.cc13x2.ccs.o (.text:RF_runCmd)
                  00008740    00000028     drivers_cc13x2.a : PowerCC26X2.oem4f (.text:oscillatorISR)
                  00008768    00000028     ti_sysbios_config.obj (.text:ti_sysbios_family_arm_m3_Hwi_construct)
                  00008790    00000028     sysbios.a : Hwi_asm.obj (.text:ti_sysbios_family_arm_m3_Hwi_excHandlerAsm)
                  000087b8    00000028     ti_sysbios_config.obj (.text:ti_sysbios_gates_GateMutex_Instance_init)
                  000087e0    00000028     ti_sysbios_config.obj (.text:ti_sysbios_knl_Semaphore_Instance_init)
                  00008808    00000028     ti_sysbios_config.obj (.text:ti_sysbios_knl_Swi_init)
                  00008830    00000028     ti_sysbios_config.obj (.text:ti_sysbios_knl_Task_init)
                  00008858    00000028     ti_sysbios_config.obj (.text:ti_sysbios_knl_Task_restoreHwi)
                  00008880    00000028     drivers_cc13x2.a : GPIOCC26XX.oem4f (.text:writePinmask64)
                  000088a8    00000026                      : List.oem4f (.text:List_put)
                  000088ce    00000026                      : List.oem4f (.text:List_putHead)
                  000088f4    00000026                      : List.oem4f (.text:List_remove)
                  0000891a    00000026                      : PowerCC26X2.oem4f (.text:disableLFClockQualifiers)
                  00008940    00000026     sysbios.a : Hwi_asm.obj (.text:ti_sysbios_family_arm_m3_Hwi_pendSV)
                  00008966    00000002     --HOLE-- [fill = 0]
                  00008968    00000024     ti_sysbios_config.obj (.text:BIOS_registerRTSLock)
                  0000898c    00000024     driverlib.lib : osc.obj (.text:NOROM_OSCHF_TurnOnXosc)
                  000089b0    00000024                   : osc.obj (.text:NOROM_OSC_CapArrayAdjustWorkaround_Boot)
                  000089d4    00000024     rf_multiMode_cc13x2.a : rfc.c.cc13x2.ccs.o (.text:NOROM_RFCDoorbellSendTo)
                  000089f8    00000024     drivers_cc13x2.a : PowerCC26X2_calibrateRCOSC_helpers.oem4f (.text:PowerCC26X2_writeCtrim)
                  00008a1c    00000024                      : PowerCC26X2_calibrateRCOSC_helpers.oem4f (.text:PowerCC26X2_writeCtrimFract)
                  00008a40    00000024                      : PowerCC26X2_calibrateRCOSC_helpers.oem4f (.text:PowerCC26X2_writeCtrimFractEn)
                  00008a64    00000024                      : PowerCC26X2_calibrateRCOSC_helpers.oem4f (.text:PowerCC26X2_writeRtrim)
                  00008a88    00000024     rf_multiMode_cc13x2.a : RFCC26X2_multiMode.c.cc13x2.ccs.o (.text:RF_cmdAlloc)
                  00008aac    00000024                           : RFCC26X2_multiMode.c.cc13x2.ccs.o (.text:RF_invokeGlobalCallback)
                  00008ad0    00000024     ti_sysbios_config.obj (.text:_pthread_cleanupFxn)
                  00008af4    00000024     ti_sysbios_config.obj (.text:_pthread_delete)
                  00008b18    00000024     drivers_cc13x2.a : PowerCC26X2_calibrateRCOSC.oem4f (.text:getTdcSemaphore)
                  00008b3c    00000024     ti_sysbios_config.obj (.text:pthread_attr_init)
                  00008b60    00000024     ti_sysbios_config.obj (.text:ti_sysbios_family_arm_cc26xx_Timer_getMaxTicks)
                  00008b84    00000024     ti_sysbios_config.obj (.text:ti_sysbios_family_arm_m3_Hwi_setPriority)
                  00008ba8    00000024     ti_sysbios_config.obj (.text:ti_sysbios_knl_Task_allBlockedFunction)
                  00008bcc    00000024     ti_sysbios_config.obj (.text:ti_sysbios_knl_Task_destruct)
                  00008bf0    00000024     ti_sysbios_config.obj (.text:ti_sysbios_knl_Task_enter)
                  00008c14    00000024     ti_sysbios_config.obj (.text:ti_sysbios_runtime_Error_raiseX)
                  00008c38    00000022     drivers_cc13x2.a : List.oem4f (.text:List_get)
                  00008c5a    00000022                      : UART2CC26X2.oem4f (.text:UART2CC26X2_writeTimeout)
                  00008c7c    00000020     ti_sysbios_config.obj (.text:BIOS_removeRTSLock)
                  00008c9c    00000020     ti_sysbios_config.obj (.text:BIOS_rtsUnlock)
                  00008cbc    00000020     drivers_cc13x2.a : PowerCC26X2_helpers.oem4f (.text:PowerCC26X2_disableTCXOQual)
                  00008cdc    00000020                      : PowerCC26X2_helpers.oem4f (.text:PowerCC26X2_enableTCXOQual)
                  00008cfc    00000020     rf_multiMode_cc13x2.a : RFCC26X2_multiMode.c.cc13x2.ccs.o (.text:RF_clkPowerUp)
                  00008d1c    00000020                           : RFCC26X2_multiMode.c.cc13x2.ccs.o (.text:RF_hwiCpe0ChangePhy)
                  00008d3c    00000020                           : RFCC26X2_multiMode.c.cc13x2.ccs.o (.text:RF_isStateTransitionAllowed)
                  00008d5c    00000020                           : RFCC26X2_multiMode.c.cc13x2.ccs.o (.text:RF_ratIsRunning)
                  00008d7c    00000020     drivers_cc13x2.a : RingBuf.oem4f (.text:RingBuf_flush)
                  00008d9c    00000020     ti_sysbios_config.obj (.text:SemaphoreP_constructBinary)
                  00008dbc    00000020     ti_sysbios_config.obj (.text:ti_sysbios_knl_Task_construct)
                  00008ddc    0000001e     drivers_cc13x2.a : PowerCC26X2.oem4f (.text:Power_getTransitionLatency)
                  00008dfa    0000001e     sysbios.a : Hwi_asm_switch.obj (.text:ti_sysbios_family_arm_m3_Hwi_switchAndRunFunc)
                  00008e18    0000001e     ti_sysbios_config.obj (.text:ti_sysbios_knl_Semaphore_destruct)
                  00008e36    00000002     --HOLE-- [fill = 0]
                  00008e38    0000001c     drivers_cc13x2.a : GPIOCC26XX.oem4f (.text:GPIO_disableInt)
                  00008e54    0000001c                      : GPIO.oem4f (.text:GPIO_setCallback)
                  00008e70    0000001c                      : GPIOCC26XX.oem4f (.text:GPIO_setMux)
                  00008e8c    0000001c     driverlib.lib : chipinfo.obj (.text:NOROM_ChipInfo_GetChipFamily)
                  00008ea8    0000001c     rf_multiMode_cc13x2.a : RFCC26X2_multiMode.c.cc13x2.ccs.o (.text:RF_clkInactivityCallback)
                  00008ec4    0000001c                           : RFCC26X2_multiMode.c.cc13x2.ccs.o (.text:RF_getPAOverrideOffsetAndValue)
                  00008ee0    0000001c                           : RFCC26X2_multiMode.c.cc13x2.ccs.o (.text:RF_powerConstraintSet)
                  00008efc    0000001c     drivers_cc13x2.a : UDMACC26XX.oem4f (.text:UDMACC26XX_initHw)
                  00008f18    0000001c     rtsv7M4_T_le_v4SPD16_eabi.lib : memccpy.c.obj (.text:memccpy)
                  00008f34    0000001c     ti_sysbios_config.obj (.text:ti_sysbios_knl_Clock_scheduleNextTick)
                  00008f50    0000001c     ti_sysbios_config.obj (.text:ti_sysbios_knl_Queue_put)
                  00008f6c    0000001c     sysbios.a : TaskSupport_asm.obj (.text:ti_sysbios_knl_TaskSupport_swap)
                  00008f88    0000001a     drivers_cc13x2.a : PowerCC26X2.oem4f (.text:PowerCC26XX_calibrate)
                  00008fa2    0000001a     rtsv7M4_T_le_v4SPD16_eabi.lib : s_copysign.c.obj (.text:copysign)
                  00008fbc    0000001a     ti_sysbios_config.obj (.text:ti_sysbios_knl_Task_delete)
                  00008fd6    00000002     --HOLE-- [fill = 0]
                  00008fd8    00000018     ti_sysbios_config.obj (.text:PowerCC26XX_schedulerDisable)
                  00008ff0    00000018     ti_sysbios_config.obj (.text:PowerCC26XX_schedulerRestore)
                  00009008    00000018     drivers_cc13x2.a : PowerCC26X2.oem4f (.text:Power_idleFunc)
                  00009020    00000018     ti_drivers_config.obj (.text:RF_globalCallbackFunction)
                  00009038    00000018     rf_multiMode_cc13x2.a : RFCC26X2_multiMode.c.cc13x2.ccs.o (.text:RF_swiFsm)
                  00009050    00000018     drivers_cc13x2.a : UART2.oem4f (.text:UART2_Params_init)
                  00009068    00000018     rtsv7M4_T_le_v4SPD16_eabi.lib : args_main.c.obj (.text:_args_main)
                  00009080    00000018                                   : sprintf.c.obj (.text:_outs)
                  00009098    00000018     uart2callback.obj (.text:callbackFxn)
                  000090b0    00000018     rtsv7M4_T_le_v4SPD16_eabi.lib : ll_mul_t2.asm.obj (.text)
                  000090c8    00000018     ti_sysbios_config.obj (.text:ti_sysbios_family_arm_m3_Hwi_plug)
                  000090e0    00000018     ti_sysbios_config.obj (.text:ti_sysbios_family_arm_m3_Hwi_switchFromBootStack)
                  000090f8    00000018     ti_sysbios_config.obj (.text:ti_sysbios_knl_Clock_getTicks)
                  00009110    00000018     ti_sysbios_config.obj (.text:ti_sysbios_knl_Idle_run)
                  00009128    00000018     ti_sysbios_config.obj (.text:ti_sysbios_knl_Swi_construct)
                  00009140    00000018     ti_sysbios_config.obj (.text:ti_sysbios_knl_Swi_or)
                  00009158    00000018     ti_sysbios_config.obj (.text:ti_sysbios_knl_Task_unblock)
                  00009170    00000016     ti_sysbios_config.obj (.text:BIOS_exitFunc)
                  00009186    00000016     ti_sysbios_config.obj (.text:HwiP_interruptsEnabled)
                  0000919c    00000016     ti_sysbios_config.obj (.text:HwiP_setFunc)
                  000091b2    00000016     driverlib.lib : chipinfo.obj (.text:NOROM_ThisLibraryIsFor_CC13x2_CC26x2_HwRev20AndLater_HaltIfViolated)
                  000091c8    00000016     drivers_cc13x2.a : PowerCC26X2_helpers.oem4f (.text:PowerCC26X2_oschfTrySwitchToXosc)
                  000091de    00000016     rf_multiMode_cc13x2.a : RFCC26X2_multiMode.c.cc13x2.ccs.o (.text:RF_restartClockTimeout)
                  000091f4    00000016     rtsv7M4_T_le_v4SPD16_eabi.lib : strchr.c.obj (.text:strchr)
                  0000920a    00000016     ti_sysbios_config.obj (.text:ti_sysbios_knl_Clock_start)
                  00009220    00000014     ti_sysbios_config.obj (.text:BIOS_setThreadType)
                  00009234    00000014     ti_drivers_config.obj (.text:Board_init)
                  00009248    00000014     drivers_cc13x2.a : GPIO.oem4f (.text:GPIO_setUserArg)
                  0000925c    00000014                      : GPIOCC26XX.oem4f (.text:GPIO_write)
                  00009270    00000014                      : List.oem4f (.text:List_clearList)
                  00009284    00000014     rf_multiMode_cc13x2.a : rfc.c.cc13x2.ccs.o (.text:NOROM_RFCCpeIntGetAndClear)
                  00009298    00000014     drivers_cc13x2.a : PowerCC26X2_calibrateRCOSC.oem4f (.text:PowerCC26X2_calibrate)
                  000092ac    00000014                      : PowerCC26X2_helpers.oem4f (.text:PowerCC26X2_oscClockSourceGet)
                  000092c0    00000014     RFQueue.obj (.text:RFQueue_nextEntry)
                  000092d4    00000014     rf_multiMode_cc13x2.a : RFCC26X2_multiMode.c.cc13x2.ccs.o (.text:RF_Params_init)
                  000092e8    00000014                           : RFCC26X2_multiMode.c.cc13x2.ccs.o (.text:RF_dbellSyncOnAck)
                  000092fc    00000014                           : RFCC26X2_multiMode.c.cc13x2.ccs.o (.text:RF_ratGetChannel)
                  00009310    00000014     ti_sysbios_config.obj (.text:pthread_attr_setschedparam)
                  00009324    00000014     rtsv7M4_T_le_v4SPD16_eabi.lib : strlen.c.obj (.text:strlen)
                  00009338    00000014     ti_sysbios_config.obj (.text:ti_sysbios_family_arm_cc26xx_Timer_dynamicStub)
                  0000934c    00000014     ti_sysbios_config.obj (.text:ti_sysbios_knl_Swi_construct2)
                  00009360    00000014     ti_sysbios_config.obj (.text:ti_sysbios_knl_Swi_disable)
                  00009374    00000014     ti_sysbios_config.obj (.text:ti_sysbios_knl_Swi_enabled)
                  00009388    00000014     ti_sysbios_config.obj (.text:ti_sysbios_knl_Task_disable)
                  0000939c    00000014     ti_sysbios_config.obj (.text:ti_sysbios_runtime_Error_init)
                  000093b0    00000014     ti_sysbios_config.obj (.text:ti_sysbios_runtime_Memory_free)
                  000093c4    00000014     ti_sysbios_config.obj (.text:ti_sysbios_runtime_System_init)
                  000093d8    00000012     drivers_cc13x2.a : RingBuf.oem4f (.text:RingBuf_construct)
                  000093ea    00000012     ti_sysbios_config.obj (.text:SemaphoreP_pend)
                  000093fc    00000012     ti_sysbios_config.obj (.text:_pthread_cleanup_pop)
                  0000940e    00000012     ti_sysbios_config.obj (.text:_pthread_runStub)
                  00009420    00000012     ti_sysbios_config.obj (.text:ti_sysbios_family_arm_cc26xx_Timer_postInit)
                  00009432    00000012     rtsv7M4_T_le_v4SPD16_eabi.lib : wcslen.c.obj (.text:wcslen)
                  00009444    00000010     ti_sysbios_config.obj (.text:BIOS_exit)
                  00009454    00000010     ti_sysbios_config.obj (.text:BIOS_getCpuFreq)
                  00009464    00000010     ti_sysbios_config.obj (.text:BIOS_start)
                  00009474    00000010     ti_sysbios_config.obj (.text:HwiP_Params_init)
                  00009484    00000010     rf_multiMode_cc13x2.a : rfc.c.cc13x2.ccs.o (.text:NOROM_RFCHwIntGetAndClear)
                  00009494    00000010     drivers_cc13x2.a : PowerCC26X2_helpers.oem4f (.text:PRCMCacheRetentionEnable)
                  000094a4    00000010                      : PowerCC26X2_helpers.oem4f (.text:PowerCC26X2_oscCtlClearXtal)
                  000094b4    00000010                      : PowerCC26X2_calibrateRCOSC_helpers.oem4f (.text:PowerCC26X2_readCtrim)
                  000094c4    00000010                      : PowerCC26X2_calibrateRCOSC_helpers.oem4f (.text:PowerCC26X2_readCtrimFract)
                  000094d4    00000010                      : PowerCC26X2_calibrateRCOSC_helpers.oem4f (.text:PowerCC26X2_readRtrim)
                  000094e4    00000010                      : PowerCC26X2_helpers.oem4f (.text:PowerCC26X2_switchToTCXO)
                  000094f4    00000010                      : PowerCC26X2_helpers.oem4f (.text:PowerCC26X2_sysCtrlVoltageConditionalControl)
                  00009504    00000010     rf_multiMode_cc13x2.a : RFCC26X2_multiMode.c.cc13x2.ccs.o (.text:RF_dbellSubmitCmdAsync)
                  00009514    00000010                           : RFCC26X2_multiMode.c.cc13x2.ccs.o (.text:RF_isClientOwner)
                  00009524    00000010     ti_sysbios_config.obj (.text:SwiP_Params_init)
                  00009534    00000010     drivers_cc13x2.a : UART2CC26X2.oem4f (.text:UART2CC26X2_postNotifyFxn)
                  00009544    00000010                      : UART2CC26X2.oem4f (.text:UART2CC26X2_readTimeout)
                  00009554    00000010                      : UART2CC26X2.oem4f (.text:UART2Support_rxStatus2ErrorCode)
                  00009564    00000010                      : UART2CC26X2.oem4f (.text:UART2Support_txDone)
                  00009574    00000010     ti_sysbios_config.obj (.text:ti_sysbios_family_arm_cc26xx_Timer_getCount64)
                  00009584    00000010     ti_sysbios_config.obj (.text:ti_sysbios_family_arm_cc26xx_TimestampProvider_init)
                  00009594    00000010     ti_sysbios_config.obj (.text:ti_sysbios_family_arm_m3_Hwi_excHandler)
                  000095a4    00000010     ti_sysbios_config.obj (.text:ti_sysbios_family_arm_m3_Hwi_getHandle)
                  000095b4    00000010     ti_sysbios_config.obj (.text:ti_sysbios_family_arm_m3_Hwi_post)
                  000095c4    00000010     ti_sysbios_config.obj (.text:ti_sysbios_knl_ClockSupport_getCurrentTick)
                  000095d4    00000010     ti_sysbios_config.obj (.text:ti_sysbios_knl_ClockSupport_setNextTick)
                  000095e4    00000010     ti_sysbios_config.obj (.text:ti_sysbios_knl_Clock_enqueueI)
                  000095f4    00000010     sysbios.a : TaskSupport_asm.obj (.text:ti_sysbios_knl_TaskSupport_glue)
                  00009604    0000000e     rf_multiMode_cc13x2.a : RFCC26X2_multiMode.c.cc13x2.ccs.o (.text:RF_getSwitchingTimeInUs)
                  00009612    0000000e     drivers_cc13x2.a : UART2.oem4f (.text:UART2_write)
                  00009620    0000000e     rtsv7M4_T_le_v4SPD16_eabi.lib : copy_decompress_none.c.obj (.text:decompress:none:__TI_decompress_none)
                  0000962e    0000000e     ti_sysbios_config.obj (.text:pthread_attr_setdetachstate)
                  0000963c    0000000e     ti_sysbios_config.obj (.text:ti_sysbios_gates_GateMutex_leave)
                  0000964a    0000000e     ti_sysbios_config.obj (.text:ti_sysbios_heaps_HeapMem_restore)
                  00009658    0000000e     ti_sysbios_config.obj (.text:ti_sysbios_knl_Clock_initI)
                  00009666    0000000e     ti_sysbios_config.obj (.text:ti_sysbios_knl_Queue_empty)
                  00009674    0000000e     ti_sysbios_config.obj (.text:ti_sysbios_knl_Queue_remove)
                  00009682    00000002     --HOLE-- [fill = 0]
                  00009684    0000000c     ti_sysbios_config.obj (.text:BIOS_getThreadType)
                  00009690    0000000c     ti_sysbios_config.obj (.text:BIOS_linkedWithIncorrectBootLibrary)
                  0000969c    0000000c     ti_sysbios_config.obj (.text:HwiP_disable)
                  000096a8    0000000c     driverlib.lib : cpu.obj (.text:NOROM_CPUcpsid)
                  000096b4    0000000c                   : cpu.obj (.text:NOROM_CPUcpsie)
                  000096c0    0000000c     drivers_cc13x2.a : PowerCC26X2.oem4f (.text:Power_getConstraintMask)
                  000096cc    0000000c                      : PowerCC26X2.oem4f (.text:Power_getDependencyCount)
                  000096d8    0000000c     RFQueue.obj (.text:RFQueue_getDataEntry)
                  000096e4    0000000c     rf_multiMode_cc13x2.a : RFCC26X2_multiMode.c.cc13x2.ccs.o (.text:RF_powerConstraintGet)
                  000096f0    0000000c     drivers_cc13x2.a : UART2CC26X2.oem4f (.text:UART2Support_disableTx)
                  000096fc    0000000c                      : UART2CC26X2.oem4f (.text:UART2Support_enableRx)
                  00009708    0000000c                      : UART2CC26X2.oem4f (.text:UART2Support_enableTx)
                  00009714    0000000c     rtsv7M4_T_le_v4SPD16_eabi.lib : _lock.c.obj (.text:_register_lock)
                  00009720    0000000c                                   : _lock.c.obj (.text:_register_unlock)
                  0000972c    0000000c                                   : copy_zero_init.c.obj (.text:decompress:ZI:__TI_zero_init)
                  00009738    0000000c     drivers_cc13x2.a : PowerCC26X2.oem4f (.text:switchToTCXO)
                  00009744    0000000c     ti_sysbios_config.obj (.text:ti_sysbios_heaps_HeapMem_init)
                  00009750    0000000c     ti_sysbios_config.obj (.text:ti_sysbios_knl_ClockSupport_getMaxTicks)
                  0000975c    0000000c     ti_sysbios_config.obj (.text:ti_sysbios_knl_Clock_tick)
                  00009768    0000000c     ti_sysbios_config.obj (.text:ti_sysbios_knl_Queue_dequeue)
                  00009774    0000000c     ti_sysbios_config.obj (.text:ti_sysbios_knl_Queue_enqueue)
                  00009780    0000000c     ti_sysbios_config.obj (.text:ti_sysbios_knl_Queue_insert)
                  0000978c    0000000c     ti_sysbios_config.obj (.text:ti_sysbios_knl_Swi_getTrigger)
                  00009798    0000000c     ti_sysbios_config.obj (.text:ti_sysbios_knl_Swi_self)
                  000097a4    0000000c     ti_sysbios_config.obj (.text:ti_sysbios_knl_TaskSupport_checkStack)
                  000097b0    0000000c     ti_sysbios_config.obj (.text:ti_sysbios_knl_Task_self)
                  000097bc    0000000c     ti_sysbios_config.obj (.text:ti_sysbios_runtime_System_exit)
                  000097c8    0000000a     ti_sysbios_config.obj (.text:ClockP_Params_init)
                  000097d2    0000000a     drivers_cc13x2.a : PowerCC26X2_helpers.oem4f (.text:PowerCC26X2_sysCtrlStandby)
                  000097dc    0000000a                      : UDMACC26XX.oem4f (.text:UDMACC26XX_hwiIntFxn)
                  000097e6    0000000a     rtsv7M4_T_le_v4SPD16_eabi.lib : sprintf.c.obj (.text:_outc)
                  000097f0    0000000a     ti_sysbios_config.obj (.text:pthread_self)
                  000097fa    0000000a     ti_sysbios_config.obj (.text:sem_post)
                  00009804    00000008     rtsv7M4_T_le_v4SPD16_eabi.lib : errno.c.obj (.text:__aeabi_errno_addr)
                  0000980c    00000008     ti_sysbios_config.obj (.text:pthread_attr_setstacksize)
                  00009814    00000008     ti_sysbios_config.obj (.text:ti_sysbios_family_arm_m3_Hwi_doSwiRestore)
                  0000981c    00000008     ti_sysbios_config.obj (.text:ti_sysbios_family_arm_m3_Hwi_startup)
                  00009824    00000008     ti_sysbios_config.obj (.text:ti_sysbios_knl_Idle_loop)
                  0000982c    00000006     driverlib.lib : cpu.obj (.text:NOROM_CPUdelay)
                  00009832    00000006     rf_multiMode_cc13x2.a : RFCC26X2_multiMode.c.cc13x2.ccs.o (.text:RF_clkReqAccess)
                  00009838    00000006     drivers_cc13x2.a : UART2CC26X2.oem4f (.text:UART2Support_powerSetConstraint)
                  0000983e    00000006                      : PowerCC26X2.oem4f (.text:delayUs)
                  00009844    00000006     ti_sysbios_config.obj (.text:ti_sysbios_family_arm_m3_Hwi_doTaskRestore)
                  0000984a    00000006     ti_sysbios_config.obj (.text:ti_sysbios_family_arm_m3_Hwi_restore)
                  00009850    00000006     ti_sysbios_config.obj (.text:ti_sysbios_knl_Clock_stop)
                  00009856    00000006     ti_sysbios_config.obj (.text:ti_sysbios_knl_Queue_elemClear)
                  0000985c    00000006     ti_sysbios_config.obj (.text:ti_sysbios_knl_Semaphore_Instance_finalize)
                  00009862    00000006     ti_sysbios_config.obj (.text:ti_sysbios_knl_Swi_startup)
                  00009868    00000004     ti_sysbios_config.obj (.text:CPUwfi)
                  0000986c    00000004     ti_sysbios_config.obj (.text:ClockP_getCpuFreq)
                  00009870    00000004     ti_sysbios_config.obj (.text:ClockP_getSystemTickPeriod)
                  00009874    00000004     ti_sysbios_config.obj (.text:ClockP_getTimeout)
                  00009878    00000004     ti_sysbios_config.obj (.text:ClockP_isActive)
                  0000987c    00000004     ti_sysbios_config.obj (.text:ClockP_setTimeout)
                  00009880    00000004     ti_sysbios_config.obj (.text:ClockP_start)
                  00009884    00000004     ti_sysbios_config.obj (.text:ClockP_stop)
                  00009888    00000004     ti_sysbios_config.obj (.text:HwiP_enableInterrupt)
                  0000988c    00000004     ti_sysbios_config.obj (.text:HwiP_post)
                  00009890    00000004     rf_multiMode_cc13x2.a : rfc.c.cc13x2.ccs.o (.text:NOROM_RFCOverrideUpdate)
                  00009894    00000004                           : RFCC26X2_multiMode.c.cc13x2.ccs.o (.text:RF_defaultExecutionPolicy)
                  00009898    00000004     ti_sysbios_config.obj (.text:SemaphoreP_post)
                  0000989c    00000004     ti_sysbios_config.obj (.text:SwiP_disable)
                  000098a0    00000004     ti_sysbios_config.obj (.text:SwiP_getTrigger)
                  000098a4    00000004     ti_sysbios_config.obj (.text:SwiP_or)
                  000098a8    00000004     drivers_cc13x2.a : PowerCC26X2.oem4f (.text:configureRFCoreClocks)
                  000098ac    00000004                      : PowerCC26X2.oem4f (.text:nopResourceHandler)
                  000098b0    00000004     ti_sysbios_config.obj (.text:ti_sysbios_heaps_HeapMem_isBlocking)

.const     0    000098b4    0000106b     
                  000098b4    00000bf4     ti_sysbios_config.obj (.const:$O2$$)
                  0000a4a8    000001fc     rf_multiMode_cc13x2.a : rf_patch_cpe_prop.c.cc13x2.ccs.o (.const:patchImageProp)
                  0000a6a4    00000101     rtsv7M4_T_le_v4SPD16_eabi.lib : ctype.c.obj (.const:.string:_ctypes_)
                  0000a7a5    00000002     drivers_cc13x2.a : UART2CC26X2.oem4f (.const:.string:stopBits)
                  0000a7a7    00000001     --HOLE-- [fill = 0]
                  0000a7a8    00000058     ti_drivers_config.obj (.const:uart2CC26X2HWAttrs)
                  0000a800    00000054     drivers_cc13x2.a : PowerCC26X2.oem4f (.const:resourceDB)
                  0000a854    00000024                      : UART2.oem4f (.const:UART2_defaultParams)
                  0000a878    00000020     rf_multiMode_cc13x2.a : RFCC26X2_multiMode.c.cc13x2.ccs.o (.const:RF_defaultParams)
                  0000a898    00000014     ti_drivers_config.obj (.const:PowerCC26X2_config)
                  0000a8ac    00000010     uart2callback.obj (.const:.string:$P$T0$2)
                  0000a8bc    00000010     ti_drivers_config.obj (.const:GPIO_config)
                  0000a8cc    0000000c     ti_drivers_config.obj (.const:RFCC26XX_hwAttrs)
                  0000a8d8    0000000a     ti_drivers_config.obj (.const)
                  0000a8e2    00000002     --HOLE-- [fill = 0]
                  0000a8e4    00000008     driverlib.lib : aux_sysif.obj (.const:$O1$$)
                  0000a8ec    00000008     ti_drivers_config.obj (.const:UART2_config)
                  0000a8f4    00000008     ti_drivers_config.obj (.const:UDMACC26XX_config)
                  0000a8fc    00000008     ti_sysbios_config.obj (.const:ti_sysbios_knl_Idle_funcList)
                  0000a904    00000008     ti_drivers_config.obj (.const:udmaCC26XXHWAttrs)
                  0000a90c    00000005     drivers_cc13x2.a : UART2CC26X2.oem4f (.const:.string:parityType)
                  0000a911    00000005                      : UART2CC26X2.oem4f (.const:.string:rxFifoThreshold)
                  0000a916    00000005                      : UART2CC26X2.oem4f (.const:.string:txFifoThreshold)
                  0000a91b    00000004                      : UART2CC26X2.oem4f (.const:.string:dataLength)

__llvm_prf_cnts 
*          0    20000000    00000000     UNINITIALIZED

.TI.bound:dmaUart0RxControlTableEntry 
*          0    20001810    00000010     UNINITIALIZED
                  20001810    00000010     ti_drivers_config.obj (.TI.bound:dmaUart0RxControlTableEntry)

.TI.bound:dmaUart0TxControlTableEntry 
*          0    20001820    00000010     UNINITIALIZED
                  20001820    00000010     ti_drivers_config.obj (.TI.bound:dmaUart0TxControlTableEntry)

.args      0    0000a920    00000008     
                  0000a920    00000008     --HOLE-- [fill = 0]

MODULE SUMMARY

       Module                                     code    ro data   rw data
       ------                                     ----    -------   -------
    .\
       uart2callback.obj                          1328    16        500    
       RFQueue.obj                                168     0         4      
       main_tirtos.obj                            100     0         0      
    +--+------------------------------------------+-------+---------+---------+
       Total:                                     1596    16        504    
                                                                           
    .\syscfg\
       ti_sysbios_config.obj                      9244    3128      1985   
       ti_drivers_config.obj                      514     170       996    
       ti_radio_config.obj                        0       0         168    
       ti_devices_config.obj                      0       88        0      
    +--+------------------------------------------+-------+---------+---------+
       Total:                                     9758    3386      3149   
                                                                           
    C:/ti/simplelink_cc13xx_cc26xx_sdk_6_10_00_29/kernel/tirtos7/packages/ti/sysbios/lib/ccs/m4f/sysbios.a
       Hwi_asm.obj                                322     0         0      
       auto_init.obj                              160     0         0      
       Hwi_asm_switch.obj                         118     0         0      
       boot.obj                                   88      0         0      
       TaskSupport_asm.obj                        44      0         0      
    +--+------------------------------------------+-------+---------+---------+
       Total:                                     732     0         0      
                                                                           
    C:/ti/simplelink_cc13xx_cc26xx_sdk_6_10_00_29/source/ti/devices/cc13x2_cc26x2/driverlib/bin/ccs/driverlib.lib
       osc.obj                                    484     0         36     
       sys_ctrl.obj                               420     0         0      
       setup.obj                                  368     0         0      
       chipinfo.obj                               246     0         0      
       prcm.obj                                   168     0         0      
       aux_sysif.obj                              52      8         0      
       cpu.obj                                    30      0         0      
    +--+------------------------------------------+-------+---------+---------+
       Total:                                     1768    8         36     
                                                                           
    C:/ti/simplelink_cc13xx_cc26xx_sdk_6_10_00_29/source/ti/drivers/lib/ccs/m4f/drivers_cc13x2.a
       UART2CC26X2.oem4f                          2478    21        0      
       PowerCC26X2.oem4f                          1898    84        368    
       UART2.oem4f                                1270    36        0      
       PowerCC26X2_calibrateRCOSC.oem4f           980     0         0      
       GPIOCC26XX.oem4f                           552     0         29     
       PowerCC26X2_calibrateRCOSC_helpers.oem4f   448     0         0      
       RingBuf.oem4f                              328     0         0      
       PowerCC26X2_helpers.oem4f                  244     0         0      
       List.oem4f                                 210     0         0      
       UDMACC26XX.oem4f                           114     0         0      
       GPIO.oem4f                                 96      0         0      
    +--+------------------------------------------+-------+---------+---------+
       Total:                                     8618    141       397    
                                                                           
    C:/ti/simplelink_cc13xx_cc26xx_sdk_6_10_00_29/source/ti/drivers/rf/lib/ccs/m4f/rf_multiMode_cc13x2.a
       RFCC26X2_multiMode.c.cc13x2.ccs.o          8378    32        1317   
       rf_patch_cpe_prop.c.cc13x2.ccs.o           108     508       1      
       rfc.c.cc13x2.ccs.o                         302     0         0      
    +--+------------------------------------------+-------+---------+---------+
       Total:                                     8788    540       1318   
                                                                           
    C:\ti\ccs1120\ccs\tools\compiler\ti-cgt-arm_20.2.5.LTS\lib\rtsv7M4_T_le_v4SPD16_eabi.lib
       _printfi.c.obj                             4851    0         0      
       fd_add_t2.asm.obj                          438     0         0      
       fd_div_t2.asm.obj                          310     0         0      
       s_scalbn.c.obj                             272     0         0      
       fd_cmp_t2.asm.obj                          268     0         0      
       ctype.c.obj                                0       257       0      
       fd_mul_t2.asm.obj                          252     0         0      
       memcpy_t2.asm.obj                          156     0         0      
       ull_div_t2.asm.obj                         150     0         0      
       memset_t2.asm.obj                          122     0         0      
       copy_decompress_lzss.c.obj                 104     0         0      
       s_frexp.c.obj                              100     0         0      
       sprintf.c.obj                              98      0         0      
       _ltoa.c.obj                                84      0         0      
       atoi.c.obj                                 76      0         0      
       cpy_tbl.c.obj                              76      0         0      
       fd_toi_t2.asm.obj                          72      0         0      
       rand.c.obj                                 52      0         4      
       i_tofd_t2.asm.obj                          46      0         0      
       _lock.c.obj                                26      0         8      
       memccpy.c.obj                              28      0         0      
       s_copysign.c.obj                           26      0         0      
       args_main.c.obj                            24      0         0      
       ll_mul_t2.asm.obj                          24      0         0      
       strchr.c.obj                               22      0         0      
       strlen.c.obj                               20      0         0      
       wcslen.c.obj                               18      0         0      
       copy_decompress_none.c.obj                 14      0         0      
       copy_zero_init.c.obj                       12      0         0      
       errno.c.obj                                8       0         4      
       stkdepth_vars.c.obj                        0       0         4      
       div0.asm.obj                               2       0         0      
    +--+------------------------------------------+-------+---------+---------+
       Total:                                     7751    257       20     
                                                                           
       Stack:                                     0       0         1024   
       Linker Generated:                          0       359       0      
    +--+------------------------------------------+-------+---------+---------+
       Grand Total:                               39011   4707      6448   


LINKER GENERATED COPY TABLES

__TI_cinit_table @ 0000aa70 records: 4, size/record: 8, table size: 32
	.data: load addr=0000a928, load size=00000123 bytes, run addr=200000d8, run size=00000cf7 bytes, compression=lzss
	.TI.bound:dmaUart0RxControlTableEntry: load addr=0000aa58, load size=00000008 bytes, run addr=20001810, run size=00000010 bytes, compression=zero_init
	.TI.bound:dmaUart0TxControlTableEntry: load addr=0000aa60, load size=00000008 bytes, run addr=20001820, run size=00000010 bytes, compression=zero_init
	.bss: load addr=0000aa68, load size=00000008 bytes, run addr=20000dd0, run size=00000741 bytes, compression=zero_init


LINKER GENERATED HANDLER TABLE

__TI_handler_table @ 0000aa4c records: 3, size/record: 4, table size: 12
	index: 0, handler: __TI_decompress_lzss
	index: 1, handler: __TI_decompress_none
	index: 2, handler: __TI_zero_init


GLOBAL SYMBOLS: SORTED ALPHABETICALLY BY Name 

address   name                                                               
-------   ----                                                               
200007a8  BIOS_Module_state                                                  
000081a1  BIOS_atExitFunc                                                    
00009445  BIOS_exit                                                          
00009171  BIOS_exitFunc                                                      
00009455  BIOS_getCpuFreq                                                    
00009685  BIOS_getThreadType                                                 
2000077c  BIOS_heapMemObject                                                 
000070d9  BIOS_init                                                          
00009691  BIOS_linkedWithIncorrectBootLibrary                                
00000a8b  BIOS_nullFunc                                                      
00008969  BIOS_registerRTSLock                                               
00008c7d  BIOS_removeRTSLock                                                 
20000704  BIOS_rtsGate                                                       
00008679  BIOS_rtsLock                                                       
00008c9d  BIOS_rtsUnlock                                                     
00009221  BIOS_setThreadType                                                 
00009465  BIOS_start                                                         
00007611  BIOS_startFunc                                                     
00009235  Board_init                                                         
000026b3  Board_initHook                                                     
00006d3d  Board_sendExtFlashByte                                             
00006e41  Board_shutDownExtFlash                                             
000081d1  Board_wakeUpExtFlash                                               
0000487d  Boot_trimDevice                                                    
0000a8da  CONFIG_GPIO_LED_0_CONST                                            
0000a8dc  CONFIG_GPIO_UART2_0_RX_CONST                                       
0000a8db  CONFIG_GPIO_UART2_0_TX_CONST                                       
0000a8dd  CONFIG_RF_24GHZ_CONST                                              
0000a8de  CONFIG_RF_HIGH_PA_CONST                                            
0000a8df  CONFIG_RF_SUB1GHZ_CONST                                            
0000a8e0  CONFIG_UART2_0_CONST                                               
000097c9  ClockP_Params_init                                                 
00007efd  ClockP_construct                                                   
0000986d  ClockP_getCpuFreq                                                  
00009871  ClockP_getSystemTickPeriod                                         
000090f9  ClockP_getSystemTicks                                              
00009875  ClockP_getTimeout                                                  
00009879  ClockP_isActive                                                    
0000987d  ClockP_setTimeout                                                  
00009881  ClockP_start                                                       
00009885  ClockP_stop                                                        
0000a8bc  GPIO_config                                                        
00008e39  GPIO_disableInt                                                    
00007039  GPIO_hwiIntFxn                                                     
00004029  GPIO_init                                                          
0000a8d8  GPIO_pinLowerBound                                                 
0000a8d9  GPIO_pinUpperBound                                                 
00008201  GPIO_resetConfig                                                   
00008e55  GPIO_setCallback                                                   
00005af1  GPIO_setConfig                                                     
00008e71  GPIO_setMux                                                        
00009249  GPIO_setUserArg                                                    
0000925d  GPIO_write                                                         
00004000  HEAPSIZE                                                           
00009475  HwiP_Params_init                                                   
000077ed  HwiP_construct                                                     
0000969d  HwiP_disable                                                       
00009889  HwiP_enableInterrupt                                               
00009187  HwiP_interruptsEnabled                                             
0000988d  HwiP_post                                                          
0000984b  HwiP_restore                                                       
0000919d  HwiP_setFunc                                                       
UNDEFED   ITM_flush                                                          
UNDEFED   ITM_restore                                                        
00009271  List_clearList                                                     
00008c39  List_get                                                           
000085a5  List_insert                                                        
000088a9  List_put                                                           
000088cf  List_putHead                                                       
000088f5  List_remove                                                        
00007f31  NOROM_AUXSYSIFOpModeChange                                         
000096a9  NOROM_CPUcpsid                                                     
000096b5  NOROM_CPUcpsie                                                     
0000982d  NOROM_CPUdelay                                                     
00008e8d  NOROM_ChipInfo_GetChipFamily                                       
000058f1  NOROM_ChipInfo_GetChipType                                         
00007655  NOROM_ChipInfo_GetHwRevision                                       
00005439  NOROM_OSCHF_AttemptToSwitchToXosc                                  
00006465  NOROM_OSCHF_SwitchToRcOscTurnOffXosc                               
0000898d  NOROM_OSCHF_TurnOnXosc                                             
000089b1  NOROM_OSC_CapArrayAdjustWorkaround_Boot                            
0000782d  NOROM_OSC_HPOSCRelativeFrequencyOffsetGet                          
00006859  NOROM_PRCMPowerDomainsAllOff                                       
00007125  NOROM_PRCMPowerDomainsAllOn                                        
00006017  NOROM_RFCAnaDivTxOverride                                          
00009285  NOROM_RFCCpeIntGetAndClear                                         
00002e7b  NOROM_RFCCpePatchReset                                             
000089d5  NOROM_RFCDoorbellSendTo                                            
00009485  NOROM_RFCHwIntGetAndClear                                          
000086a1  NOROM_RFCOverrideSearch                                            
00009891  NOROM_RFCOverrideUpdate                                            
000073d1  NOROM_RFCSynthPowerDown                                            
0000487d  NOROM_SetupTrimDevice                                              
00007f65  NOROM_SysCtrlIdle                                                  
00005971  NOROM_SysCtrlSetRechargeBeforePowerDown                            
00003e49  NOROM_SysCtrlStandby                                               
000091b3  NOROM_ThisLibraryIsFor_CC13x2_CC26x2_HwRev20AndLater_HaltIfViolated
UNDEFED   PIN_hwi_bypass                                                     
0000786d  PowerCC26X2_RCOSC_clockFunc                                        
00005ce1  PowerCC26X2_auxISR                                                 
00009299  PowerCC26X2_calibrate                                              
0000a898  PowerCC26X2_config                                                 
00008cbd  PowerCC26X2_disableTCXOQual                                        
00008cdd  PowerCC26X2_enableTCXOQual                                         
00006a25  PowerCC26X2_initiateCalibration                                    
20000af8  PowerCC26X2_module                                                 
000092ad  PowerCC26X2_oscClockSourceGet                                      
000094a5  PowerCC26X2_oscCtlClearXtal                                        
000078ad  PowerCC26X2_oscDisableQualifiers                                   
00006465  PowerCC26X2_oschfSwitchToRcosc                                     
000091c9  PowerCC26X2_oschfTrySwitchToXosc                                   
00009495  PowerCC26X2_prcmEnableCacheRetention                               
000094b5  PowerCC26X2_readCtrim                                              
000094c5  PowerCC26X2_readCtrimFract                                         
000094d5  PowerCC26X2_readRtrim                                              
000078ed  PowerCC26X2_setAclkRefSrc                                          
00007b65  PowerCC26X2_setTdcClkSrc24M                                        
000094e5  PowerCC26X2_switchToTCXO                                           
00007f65  PowerCC26X2_sysCtrlIdle                                            
000097d3  PowerCC26X2_sysCtrlStandby                                         
000094f5  PowerCC26X2_sysCtrlVoltageConditionalControl                       
00005765  PowerCC26X2_updateSubSecInc                                        
000089f9  PowerCC26X2_writeCtrim                                             
00008a1d  PowerCC26X2_writeCtrimFract                                        
00008a41  PowerCC26X2_writeCtrimFractEn                                      
00008a65  PowerCC26X2_writeRtrim                                             
00008f89  PowerCC26XX_calibrate                                              
[...]
00008dbd  ti_sysbios_knl_Task_construct                                      
00008ddd  Power_getTransitionLatency                                         
00008dfb  ti_sysbios_family_arm_m3_Hwi_switchAndRunFunc                      
00008e19  ti_sysbios_knl_Semaphore_destruct                                  
00008e39  GPIO_disableInt                                                    
00008e55  GPIO_setCallback                                                   
00008e71  GPIO_setMux                                                        
00008e8d  NOROM_ChipInfo_GetChipFamily                                       
00008ee1  RF_powerConstraintSet                                              
00008f19  memccpy                                                            
00008f35  ti_sysbios_knl_Clock_scheduleNextTick                              
00008f51  ti_sysbios_knl_Queue_put                                           
00008f6d  ti_sysbios_knl_TaskSupport_swap                                    
00008f7d  ti_sysbios_knl_TaskSupport_swapReturn                              
00008f89  PowerCC26XX_calibrate                                              
00008fa3  copysign                                                           
00008fa3  copysignl                                                          
00008fbd  ti_sysbios_knl_Task_delete                                         
00008fd9  PowerCC26XX_schedulerDisable                                       
00008ff1  PowerCC26XX_schedulerRestore                                       
00009009  Power_idleFunc                                                     
00009051  UART2_Params_init                                                  
00009069  _args_main                                                         
00009099  callbackFxn                                                        
000090b1  __aeabi_lmul                                                       
000090c9  ti_sysbios_family_arm_m3_Hwi_plug                                  
000090e1  ti_sysbios_family_arm_m3_Hwi_switchFromBootStack                   
000090f9  ClockP_getSystemTicks                                              
000090f9  ti_sysbios_knl_Clock_getTicks                                      
00009111  ti_sysbios_knl_Idle_run                                            
00009129  ti_sysbios_knl_Swi_construct                                       
00009141  ti_sysbios_knl_Swi_or                                              
00009159  ti_sysbios_knl_Task_unblock                                        
00009171  BIOS_exitFunc                                                      
00009187  HwiP_interruptsEnabled                                             
0000919d  HwiP_setFunc                                                       
000091b3  NOROM_ThisLibraryIsFor_CC13x2_CC26x2_HwRev20AndLater_HaltIfViolated
000091c9  PowerCC26X2_oschfTrySwitchToXosc                                   
000091f5  strchr                                                             
0000920b  ti_sysbios_knl_Clock_start                                         
00009221  BIOS_setThreadType                                                 
00009235  Board_init                                                         
00009249  GPIO_setUserArg                                                    
0000925d  GPIO_write                                                         
00009271  List_clearList                                                     
00009285  NOROM_RFCCpeIntGetAndClear                                         
00009299  PowerCC26X2_calibrate                                              
000092ad  PowerCC26X2_oscClockSourceGet                                      
000092c1  RFQueue_nextEntry                                                  
000092d5  RF_Params_init                                                     
00009311  pthread_attr_setschedparam                                         
00009325  strlen                                                             
00009339  ti_sysbios_family_arm_cc26xx_Timer_dynamicStub                     
0000934d  ti_sysbios_knl_Swi_construct2                                      
00009361  ti_sysbios_family_arm_m3_Hwi_swiDisable                            
00009361  ti_sysbios_knl_Swi_disable                                         
00009375  ti_sysbios_knl_Swi_enabled                                         
00009389  ti_sysbios_family_arm_m3_Hwi_taskDisable                           
00009389  ti_sysbios_knl_Task_disable                                        
0000939d  ti_sysbios_runtime_Error_init                                      
000093b1  ti_sysbios_runtime_Memory_free                                     
000093c5  ti_sysbios_runtime_System_init                                     
000093d9  RingBuf_construct                                                  
000093eb  SemaphoreP_pend                                                    
000093fd  _pthread_cleanup_pop                                               
00009421  ti_sysbios_family_arm_cc26xx_Timer_postInit                        
00009433  wcslen                                                             
00009445  BIOS_exit                                                          
00009455  BIOS_getCpuFreq                                                    
00009465  BIOS_start                                                         
00009475  HwiP_Params_init                                                   
00009485  NOROM_RFCHwIntGetAndClear                                          
00009495  PowerCC26X2_prcmEnableCacheRetention                               
000094a5  PowerCC26X2_oscCtlClearXtal                                        
000094b5  PowerCC26X2_readCtrim                                              
000094c5  PowerCC26X2_readCtrimFract                                         
000094d5  PowerCC26X2_readRtrim                                              
000094e5  PowerCC26X2_switchToTCXO                                           
000094f5  PowerCC26X2_sysCtrlVoltageConditionalControl                       
00009525  SwiP_Params_init                                                   
00009555  UART2Support_rxStatus2ErrorCode                                    
00009565  UART2Support_txDone                                                
00009575  ti_sysbios_family_arm_cc26xx_Timer_getCount64                      
00009585  ti_sysbios_family_arm_cc26xx_TimestampProvider_init                
00009585  ti_sysbios_runtime_Timestamp_init                                  
00009595  ti_sysbios_family_arm_m3_Hwi_excHandler                            
000095a5  ti_sysbios_family_arm_m3_Hwi_getHandle                             
000095b5  ti_sysbios_family_arm_m3_Hwi_post                                  
000095c5  ti_sysbios_knl_ClockSupport_getCurrentTick                         
000095d5  ti_sysbios_knl_ClockSupport_setNextTick                            
000095e5  ti_sysbios_knl_Clock_enqueueI                                      
000095f5  ti_sysbios_knl_TaskSupport_glue                                    
00009613  UART2_write                                                        
00009621  __TI_decompress_none                                               
0000962f  pthread_attr_setdetachstate                                        
0000963d  ti_sysbios_gates_GateMutex_leave                                   
0000964b  ti_sysbios_heaps_HeapMem_restore                                   
00009659  ti_sysbios_knl_Clock_initI                                         
00009667  ti_sysbios_knl_Queue_empty                                         
00009675  ti_sysbios_knl_Queue_remove                                        
00009685  BIOS_getThreadType                                                 
00009691  BIOS_linkedWithIncorrectBootLibrary                                
0000969d  HwiP_disable                                                       
000096a9  NOROM_CPUcpsid                                                     
000096b5  NOROM_CPUcpsie                                                     
000096c1  Power_getConstraintMask                                            
000096cd  Power_getDependencyCount                                           
000096d9  RFQueue_getDataEntry                                               
000096e5  RF_powerConstraintGet                                              
000096f1  UART2Support_disableTx                                             
000096fd  UART2Support_enableRx                                              
00009709  UART2Support_enableTx                                              
00009715  _register_lock                                                     
00009721  _register_unlock                                                   
0000972d  __TI_zero_init                                                     
00009745  ti_sysbios_heaps_HeapMem_init                                      
00009751  ti_sysbios_knl_ClockSupport_getMaxTicks                            
0000975d  ti_sysbios_knl_Clock_tick                                          
00009769  ti_sysbios_knl_Queue_dequeue                                       
00009775  ti_sysbios_knl_Queue_enqueue                                       
00009781  ti_sysbios_knl_Queue_insert                                        
0000978d  ti_sysbios_knl_Swi_getTrigger                                      
00009799  ti_sysbios_knl_Swi_self                                            
000097a5  ti_sysbios_knl_TaskSupport_checkStack                              
000097b1  ti_sysbios_knl_Task_self                                           
000097bd  ti_sysbios_runtime_System_exit                                     
000097c9  ClockP_Params_init                                                 
000097d3  PowerCC26X2_sysCtrlStandby                                         
000097dd  UDMACC26XX_hwiIntFxn                                               
000097f1  pthread_self                                                       
000097fb  sem_post                                                           
00009805  __aeabi_errno_addr                                                 
0000980d  pthread_attr_setstacksize                                          
00009815  ti_sysbios_family_arm_m3_Hwi_doSwiRestore                          
0000981d  ti_sysbios_family_arm_m3_Hwi_startup                               
00009825  ti_sysbios_knl_Idle_loop                                           
0000982d  NOROM_CPUdelay                                                     
00009839  UART2Support_powerSetConstraint                                    
00009845  ti_sysbios_family_arm_m3_Hwi_doTaskRestore                         
0000984b  HwiP_restore                                                       
00009851  ti_sysbios_knl_Clock_stop                                          
00009857  ti_sysbios_knl_Queue_destruct                                      
00009857  ti_sysbios_knl_Queue_elemClear                                     
0000985d  ti_sysbios_knl_Semaphore_Instance_finalize                         
00009863  ti_sysbios_knl_Swi_startup                                         
0000986d  ClockP_getCpuFreq                                                  
00009871  ClockP_getSystemTickPeriod                                         
00009875  ClockP_getTimeout                                                  
00009879  ClockP_isActive                                                    
0000987d  ClockP_setTimeout                                                  
00009881  ClockP_start                                                       
00009885  ClockP_stop                                                        
00009889  HwiP_enableInterrupt                                               
0000988d  HwiP_post                                                          
00009891  NOROM_RFCOverrideUpdate                                            
00009895  RF_defaultExecutionPolicy                                          
00009899  SemaphoreP_post                                                    
0000989d  SwiP_disable                                                       
000098a1  SwiP_getTrigger                                                    
000098a5  SwiP_or                                                            
000098b1  ti_sysbios_heaps_HeapMem_isBlocking                                
000098b4  ti_sysbios_family_arm_cc26xx_Timer_funcHookCH1                     
000098b8  ti_sysbios_family_arm_cc26xx_Timer_funcHookCH2                     
0000a6a4  _ctypes_                                                           
0000a800  resourceDB                                                         
0000a854  UART2_defaultParams                                                
0000a898  PowerCC26X2_config                                                 
0000a8bc  GPIO_config                                                        
0000a8cc  RFCC26XX_hwAttrs                                                   
0000a8d8  GPIO_pinLowerBound                                                 
0000a8d9  GPIO_pinUpperBound                                                 
0000a8da  CONFIG_GPIO_LED_0_CONST                                            
0000a8db  CONFIG_GPIO_UART2_0_TX_CONST                                       
0000a8dc  CONFIG_GPIO_UART2_0_RX_CONST                                       
0000a8dd  CONFIG_RF_24GHZ_CONST                                              
0000a8de  CONFIG_RF_HIGH_PA_CONST                                            
0000a8df  CONFIG_RF_SUB1GHZ_CONST                                            
0000a8e0  CONFIG_UART2_0_CONST                                               
0000a8e1  UART2_count                                                        
0000a8ec  UART2_config                                                       
0000a8f4  UDMACC26XX_config                                                  
0000a8fc  ti_sysbios_knl_Idle_funcList                                       
0000a904  udmaCC26XXHWAttrs                                                  
0000a920  __c_args__                                                         
0000aa4c  __TI_Handler_Table_Base                                            
0000aa58  __TI_Handler_Table_Limit                                           
0000aa70  __TI_CINIT_Base                                                    
0000aa90  __TI_CINIT_Limit                                                   
00057fa8  __ccfg                                                             
20000000  __start___llvm_prf_cnts                                            
20000000  __stop___llvm_prf_cnts                                             
20000000  ti_sysbios_family_arm_m3_Hwi_ramVectors                            
200005e2  ti_sysbios_knl_Idle_initDone                                       
200005e4  PowerCC26XX_taskKey                                                
200005e8  PowerCC26XX_swiKey                                                 
20000600  ti_sysbios_family_arm_cc26xx_TimestampProvider_Module_state        
20000604  ti_sysbios_knl_Task_defaultStackHeap                               
20000608  ti_sysbios_runtime_Memory_defaultHeapInstance                      
2000060c  ti_sysbios_gates_GateMutex_Module_state                            
20000614  ti_sysbios_heaps_HeapMem_Module_state                              
2000061c  ti_sysbios_knl_Event_state                                         
20000624  ti_sysbios_knl_Mailbox_Module_state                                
2000062c  ti_sysbios_knl_Semaphore_Module_state                              
20000640  ti_sysbios_family_arm_cc26xx_Timer_Module_state                    
2000064c  ti_sysbios_runtime_Error_ignore                                    
20000658  ti_sysbios_runtime_System_Module_state                             
20000688  ti_sysbios_hal_Seconds_Module_state                                
20000704  BIOS_rtsGate                                                       
2000072c  ti_sysbios_heaps_HeapMem_gate                                      
20000754  ti_sysbios_knl_Swi_Module_state                                    
2000077c  BIOS_heapMemObject                                                 
200007a8  BIOS_Module_state                                                  
200007d4  ti_sysbios_family_arm_m3_Hwi_Module_state                          
20000810  ti_sysbios_knl_Task_Module_state                                   
2000084c  ti_sysbios_knl_Idle_taskStruct                                     
200008a8  ti_sysbios_knl_ClockSupport_timerStruct                            
20000908  ti_sysbios_knl_Clock_Module_state                                  
20000af8  PowerCC26X2_module                                                 
20000c68  gpioPinConfigs                                                     
20000ce4  RF_cmdPropRadioDivSetup_custom2400_1                               
20000d14  _hposcCoeffs                                                       
20000d38  RF_cmdPropRx_custom2400_1                                          
20000d5c  RF_cmdFs_custom2400_1                                              
20000d74  RF_cmdPropTx_custom2400_1                                          
20000d8c  pOverrides_custom2400_1                                            
20000da0  RF_prop_custom2400_1                                               
20000db0  _lock                                                              
20000db4  _unlock                                                            
20000db8  RFCC26XX_schedulerPolicy                                           
20000dc0  errno                                                              
20000dc8  main_func_sp                                                       
20000dce  ti_sysbios_runtime_Startup_done                                    
20000dd0  ti_sysbios_knl_Idle_taskStack                                      
20000fd0  uart2CC26X2Objects                                                 
200011c0  ti_sysbios_family_arm_m3_Hwi_dispatchTable                         
20001298  gpioCallbackFunctions                                              
20001314  gpioUserArgs                                                       
200013f8  ti_sysbios_knl_Swi_readyQs                                         
20001428  ti_sysbios_knl_Task_readyQs                                        
20001498  ti_sysbios_runtime_System_atexitHandlers                           
200014b8  udmaCC26XXObject                                                   
2000150c  readEntry                                                          
20001830  __primary_heap_start__                                             
20005830  __primary_heap_end__                                               
20013c00  __stack                                                            
20014000  __STACK_END                                                        
ffffffff  __TI_pprof_out_hndl                                                
ffffffff  __TI_prof_data_size                                                
ffffffff  __TI_prof_data_start                                               
ffffffff  __binit__                                                          
ffffffff  binit                                                              
UNDEFED   ITM_flush                                                          
UNDEFED   ITM_restore                                                        
UNDEFED   PIN_hwi_bypass                                                     
UNDEFED   SHT$$INIT_ARRAY$$Base                                              
UNDEFED   SHT$$INIT_ARRAY$$Limit                                             

[506 symbols]
