******************************************************************************
                  TI ARM Linker PC v20.2.5                     
******************************************************************************
>> Linked Tue Jul 12 20:04:51 2022

OUTPUT FILE NAME:   <CC1352P_antenna_measurement.out>
ENTRY POINT SYMBOL: "ResetISR"  address: 00006ac5


MEMORY CONFIGURATION

         name            origin    length      used     unused   attr    fill
----------------------  --------  ---------  --------  --------  ----  --------
  FLASH                 00000000   00058000  0000aa8b  0004d575  R  X
  GPRAM                 11000000   00002000  00000000  00002000  RW X
  SRAM                  20000000   00014000  00005918  0000e6e8  RW X
  LOG_DATA              90000000   00040000  00000000  00040000  R   


SEGMENT ALLOCATION MAP

run origin  load origin   length   init length attrs members
----------  ----------- ---------- ----------- ----- -------
00000000    00000000    0000a8c3   0000a8c3    r-x
  00000000    00000000    0000003c   0000003c    r-- .resetVecs
  0000003c    0000003c    0000981c   0000981c    r-x .text
  00009858    00009858    0000106b   0000106b    r-- .const
0000a8c4    0000a8c4    00000008   00000008    rw-
  0000a8c4    0000a8c4    00000008   00000008    rw- .args
0000a8d0    0000a8d0    00000168   00000168    r--
  0000a8d0    0000a8d0    00000168   00000168    r-- .cinit
00057fa8    00057fa8    00000058   00000058    r--
  00057fa8    00057fa8    00000058   00000058    r-- .ccfg
200000d8    200000d8    00001421   00000000    rw-
  200000d8    200000d8    00000cdf   00000000    rw- .data
  20000db8    20000db8    00000741   00000000    rw- .bss
20001810    20001810    00000010   00000000    rw-
  20001810    20001810    00000010   00000000    rw- .TI.bound:dmaUart0RxControlTableEntry
20001820    20001820    00000010   00000000    rw-
  20001820    20001820    00000010   00000000    rw- .TI.bound:dmaUart0TxControlTableEntry
20001830    20001830    00004000   00000000    r--
  20001830    20001830    00004000   00000000    r-- .priheap
20013c00    20013c00    00000400   00000000    rw-
  20013c00    20013c00    00000400   00000000    rw- .stack


SECTION ALLOCATION MAP

 output                                  attributes/
section   page    origin      length       input sections
--------  ----  ----------  ----------   ----------------
.binit     0    00000000    00000000     

.cinit     0    0000a8d0    00000168     
                  0000a8d0    00000122     (.cinit..data.load) [load image, compression = lzss]
                  0000a9f2    00000002     --HOLE-- [fill = 0]
                  0000a9f4    0000000c     (__TI_handler_table)
                  0000aa00    00000008     (.cinit..TI.bound:dmaUart0RxControlTableEntry.load) [load image, compression = zero_init]
                  0000aa08    00000008     (.cinit..TI.bound:dmaUart0TxControlTableEntry.load) [load image, compression = zero_init]
                  0000aa10    00000008     (.cinit..bss.load) [load image, compression = zero_init]
                  0000aa18    00000020     (__TI_cinit_table)

.init_array 
*          0    00000000    00000000     UNINITIALIZED

.ccfg      0    00057fa8    00000058     
                  00057fa8    00000058     ti_devices_config.obj (.ccfg:retain)

.data      0    200000d8    00000cdf     UNINITIALIZED
                  200000d8    00000508     rf_multiMode_cc13x2.a : RFCC26X2_multiMode.c.cc13x2.ccs.o (.data:$O1$$)
                  200005e0    00000390     ti_sysbios_config.obj (.data:$O1$$)
                  20000970    00000170     uart2callback.obj (.data:$O1$$)
                  20000ae0    00000170     drivers_cc13x2.a : PowerCC26X2.oem4f (.data:PowerCC26X2_module)
                  20000c50    0000007c     ti_drivers_config.obj (.data:gpioPinConfigs)
                  20000ccc    00000030     ti_radio_config.obj (.data:RF_cmdPropRadioDivSetup_custom2400_1)
                  20000cfc    00000024     driverlib.lib : osc.obj (.data:$O1$$)
                  20000d20    00000024     ti_radio_config.obj (.data:RF_cmdPropRx_custom2400_1)
                  20000d44    00000018     ti_radio_config.obj (.data:RF_cmdFs_custom2400_1)
                  20000d5c    00000018     ti_radio_config.obj (.data:RF_cmdPropTx_custom2400_1)
                  20000d74    00000014     ti_radio_config.obj (.data:pOverrides_custom2400_1)
                  20000d88    00000010     ti_radio_config.obj (.data:RF_prop_custom2400_1)
                  20000d98    00000008     rtsv7M4_T_le_v4SPD16_eabi.lib : _lock.c.obj (.data:$O1$$)
                  20000da0    00000008     rf_multiMode_cc13x2.a : RFCC26X2_multiMode.c.cc13x2.ccs.o (.data:RFCC26XX_schedulerPolicy)
                  20000da8    00000004     rtsv7M4_T_le_v4SPD16_eabi.lib : errno.c.obj (.data)
                  20000dac    00000004                                   : rand.c.obj (.data)
                  20000db0    00000004                                   : stkdepth_vars.c.obj (.data)
                  20000db4    00000001     drivers_cc13x2.a : GPIOCC26XX.oem4f (.data)
                  20000db5    00000001     rf_multiMode_cc13x2.a : rf_patch_cpe_prop.c.cc13x2.ccs.o (.data)
                  20000db6    00000001     ti_sysbios_config.obj (.data)

.bss       0    20000db8    00000741     UNINITIALIZED
                  20000db8    00000200     (.common:ti_sysbios_knl_Idle_taskStack)
                  20000fb8    000001f0     (.common:uart2CC26X2Objects)
                  200011a8    000000d8     (.common:ti_sysbios_family_arm_m3_Hwi_dispatchTable)
                  20001280    0000007c     (.common:gpioCallbackFunctions)
                  200012fc    0000007c     (.common:gpioUserArgs)
                  20001378    00000068     uart2callback.obj (.bss:rxDataEntryBuffer)
                  200013e0    00000030     (.common:ti_sysbios_knl_Swi_readyQs)
                  20001410    00000030     (.common:ti_sysbios_knl_Task_readyQs)
                  20001440    00000020     ti_drivers_config.obj (.bss:uart2RxRingBuffer0)
                  20001460    00000020     ti_drivers_config.obj (.bss:uart2TxRingBuffer0)
                  20001480    00000020     (.common:ti_sysbios_runtime_System_atexitHandlers)
                  200014a0    00000020     (.common:udmaCC26XXObject)
                  200014c0    0000001c     drivers_cc13x2.a : GPIOCC26XX.oem4f (.bss:gpioHwi)
                  200014dc    00000014     rf_multiMode_cc13x2.a : RFCC26X2_multiMode.c.cc13x2.ccs.o (.bss:RF_ratSyncCmd)
                  200014f0    00000004     uart2callback.obj (.bss)
                  200014f4    00000004     (.common:readEntry)
                  200014f8    00000001     rf_multiMode_cc13x2.a : RFCC26X2_multiMode.c.cc13x2.ccs.o (.bss)

.stack     0    20013c00    00000400     UNINITIALIZED
                  20013c00    00000400     --HOLE--

.priheap   0    20001830    00004000     UNINITIALIZED
                  20001830    00004000     --HOLE--

.log_data 
*          0    90000000    00000000     COPY SECTION

.resetVecs 
*          0    00000000    0000003c     
                  00000000    0000003c     ti_sysbios_config.obj (.resetVecs)

.vecs      0    20000000    000000d8     NOLOAD SECTION
                  20000000    000000d8     ti_sysbios_config.obj (.vecs)

.text      0    0000003c    0000981c     
                  0000003c    00000a4e     rtsv7M4_T_le_v4SPD16_eabi.lib : _printfi.c.obj (.text:__TI_printfi)
                  00000a8a    00000002     ti_sysbios_config.obj (.text:BIOS_nullFunc)
                  00000a8c    000004c0     rf_multiMode_cc13x2.a : RFCC26X2_multiMode.c.cc13x2.ccs.o (.text:RF_fsmActiveState)
                  00000f4c    0000047c     uart2callback.obj (.text:mainThread)
                  000013c8    00000298     rf_multiMode_cc13x2.a : RFCC26X2_multiMode.c.cc13x2.ccs.o (.text:RF_open)
                  00001660    00000298     drivers_cc13x2.a : UART2.oem4f (.text:UART2_writeTimeout)
                  000018f8    00000270     rtsv7M4_T_le_v4SPD16_eabi.lib : _printfi.c.obj (.text:_pconv_a)
                  00001b68    00000200     drivers_cc13x2.a : UART2CC26X2.oem4f (.text:UART2CC26X2_hwiIntFxn)
                  00001d68    00000200                      : UART2.oem4f (.text:UART2_readTimeout)
                  00001f68    000001dc     rf_multiMode_cc13x2.a : RFCC26X2_multiMode.c.cc13x2.ccs.o (.text:RF_dispatchNextCmd)
                  00002144    000001d8     drivers_cc13x2.a : UART2CC26X2.oem4f (.text:UART2_open)
                  0000231c    000001d0     rtsv7M4_T_le_v4SPD16_eabi.lib : _printfi.c.obj (.text:_pconv_g)
                  000024ec    000001b6                                   : fd_add_t2.asm.obj (.text)
                  000026a2    00000002     ti_drivers_config.obj (.text:Board_initHook)
                  000026a4    00000184     drivers_cc13x2.a : PowerCC26X2.oem4f (.text:Power_sleep)
                  00002828    00000154     rf_multiMode_cc13x2.a : RFCC26X2_multiMode.c.cc13x2.ccs.o (.text:RF_radioOpDoneCb)
                  0000297c    00000144                           : RFCC26X2_multiMode.c.cc13x2.ccs.o (.text:RF_fsmSetupState)
                  00002ac0    0000013c     rtsv7M4_T_le_v4SPD16_eabi.lib : _printfi.c.obj (.text:_pconv_e)
                  00002bfc    00000138     rf_multiMode_cc13x2.a : RFCC26X2_multiMode.c.cc13x2.ccs.o (.text:RF_abortCmd)
                  00002d34    00000136     rtsv7M4_T_le_v4SPD16_eabi.lib : fd_div_t2.asm.obj (.text)
                  00002e6a    00000002     rf_multiMode_cc13x2.a : rfc.c.cc13x2.ccs.o (.text:NOROM_RFCCpePatchReset)
                  00002e6c    00000134     ti_sysbios_config.obj (.text:ti_sysbios_family_arm_cc26xx_Timer_construct)
                  00002fa0    00000130     drivers_cc13x2.a : PowerCC26X2_calibrateRCOSC.oem4f (.text:calibrateRcoscHf1)
                  000030d0    0000012c                      : UART2CC26X2.oem4f (.text:UART2CC26X2_initHw)
                  000031fc    00000124                      : PowerCC26X2.oem4f (.text:Power_init)
                  00003320    00000124     rtsv7M4_T_le_v4SPD16_eabi.lib : _printfi.c.obj (.text:fcvt)
                  00003444    00000114     drivers_cc13x2.a : PowerCC26X2_calibrateRCOSC.oem4f (.text:runCalibrateFsm)
                  00003558    00000110     rtsv7M4_T_le_v4SPD16_eabi.lib : s_scalbn.c.obj (.text:scalbn)
                  00003668    00000104     rf_multiMode_cc13x2.a : RFCC26X2_multiMode.c.cc13x2.ccs.o (.text:RF_hwiCpe0Active)
                  0000376c    000000fc     rtsv7M4_T_le_v4SPD16_eabi.lib : fd_mul_t2.asm.obj (.text)
                  00003868    000000fc     ti_sysbios_config.obj (.text:ti_sysbios_knl_TaskSupport_buildTaskStack)
                  00003964    000000f8     rf_multiMode_cc13x2.a : RFCC26X2_multiMode.c.cc13x2.ccs.o (.text:RF_decodeOverridePointers)
                  00003a5c    000000f8     ti_sysbios_config.obj (.text:pthread_create)
                  00003b54    000000f8     ti_drivers_config.obj (.text:rfDriverCallbackAntennaSwitching)
                  00003c4c    000000f8     ti_sysbios_config.obj (.text:ti_sysbios_family_arm_m3_Hwi_excFillContext)
                  00003d44    000000f4     sysbios.a : Hwi_asm.obj (.text:ti_sysbios_family_arm_m3_Hwi_dispatch)
                  00003e38    000000f0     driverlib.lib : sys_ctrl.obj (.text:NOROM_SysCtrlStandby)
                  00003f28    000000f0     rf_multiMode_cc13x2.a : RFCC26X2_multiMode.c.cc13x2.ccs.o (.text:RF_fsmPowerUpState)
                  00004018    000000e8     drivers_cc13x2.a : GPIOCC26XX.oem4f (.text:GPIO_init)
                  00004100    000000e8                      : UART2CC26X2.oem4f (.text:UART2Support_dmaStartRx)
                  000041e8    000000e4     rf_multiMode_cc13x2.a : RFCC26X2_multiMode.c.cc13x2.ccs.o (.text:RF_postCmd)
                  000042cc    000000e4     drivers_cc13x2.a : PowerCC26X2.oem4f (.text:configureXOSCHF)
                  000043b0    000000d8     rf_multiMode_cc13x2.a : RFCC26X2_multiMode.c.cc13x2.ccs.o (.text:RF_pendCmd)
                  00004488    000000d2                           : RFCC26X2_multiMode.c.cc13x2.ccs.o (.text:RF_updatePaConfiguration)
                  0000455a    00000002                           : RFCC26X2_multiMode.c.cc13x2.ccs.o (.text:RF_defaultCallback)
                  0000455c    000000cc                           : RFCC26X2_multiMode.c.cc13x2.ccs.o (.text:RF_swiHw)
                  00004628    000000c4     ti_sysbios_config.obj (.text:ti_sysbios_knl_Semaphore_pend)
                  000046ec    000000c0     drivers_cc13x2.a : PowerCC26X2.oem4f (.text:Power_releaseDependency)
                  000047ac    000000c0     ti_sysbios_config.obj (.text:ti_sysbios_knl_Task_Instance_init)
                  0000486c    000000bc     driverlib.lib : setup.obj (.text:NOROM_SetupTrimDevice)
                  00004928    000000bc     rf_multiMode_cc13x2.a : RFCC26X2_multiMode.c.cc13x2.ccs.o (.text:RF_initRadioSetup)
                  000049e4    000000b8     drivers_cc13x2.a : PowerCC26X2.oem4f (.text:Power_setDependency)
                  00004a9c    000000b4     driverlib.lib : setup.obj (.text:TrimAfterColdResetWakeupFromShutDown)
                  00004b50    000000b1     rtsv7M4_T_le_v4SPD16_eabi.lib : _printfi.c.obj (.text:_ltostr)
                  00004c01    00000001     --HOLE-- [fill = 0]
                  00004c02    00000002     drivers_cc13x2.a : UART2CC26X2.oem4f (.text:UART2CC26X2_eventCallback)
                  00004c04    000000b0     ti_sysbios_config.obj (.text:PowerCC26XX_standbyPolicy)
                  00004cb4    000000b0     ti_sysbios_config.obj (.text:ti_sysbios_knl_Clock_workFuncDynamic)
                  00004d64    000000b0     ti_sysbios_config.obj (.text:ti_sysbios_knl_Task_setPri)
                  00004e14    000000ac     drivers_cc13x2.a : UART2CC26X2.oem4f (.text:UART2Support_dmaStartTx)
                  00004ec0    000000a4     rf_multiMode_cc13x2.a : RFCC26X2_multiMode.c.cc13x2.ccs.o (.text:RF_ratRestartChannels)
                  00004f64    000000a0                           : RFCC26X2_multiMode.c.cc13x2.ccs.o (.text:RF_cmdDispatchTime)
                  00005004    000000a0     sysbios.a : auto_init.obj (.text)
                  000050a4    0000009c     rtsv7M4_T_le_v4SPD16_eabi.lib : memcpy_t2.asm.obj (.text)
                  00005140    0000009c     ti_sysbios_config.obj (.text:ti_sysbios_knl_Task_Instance_finalize)
                  000051dc    00000098     rf_multiMode_cc13x2.a : RFCC26X2_multiMode.c.cc13x2.ccs.o (.text:RF_calculateDispatchTime)
                  00005274    00000096     rtsv7M4_T_le_v4SPD16_eabi.lib : ull_div_t2.asm.obj (.text)
                  0000530a    00000002                                   : _lock.c.obj (.text:_nop)
                  0000530c    00000090     rf_multiMode_cc13x2.a : RFCC26X2_multiMode.c.cc13x2.ccs.o (.text:RF_discardPendCmd)
                  0000539c    0000008c     ti_sysbios_config.obj (.text:ti_sysbios_family_arm_m3_Hwi_initNVIC)
                  00005428    00000088     driverlib.lib : osc.obj (.text:NOROM_OSCHF_AttemptToSwitchToXosc)
                  000054b0    00000088     RFQueue.obj (.text:RFQueue_defineQueue)
                  00005538    00000088     rf_multiMode_cc13x2.a : RFCC26X2_multiMode.c.cc13x2.ccs.o (.text:RF_getTxPower)
                  000055c0    00000088     ti_sysbios_config.obj (.text:ti_sysbios_family_arm_m3_Hwi_Instance_init)
                  00005648    00000086     rtsv7M4_T_le_v4SPD16_eabi.lib : fd_cmp_t2.asm.obj (.text:__aeabi_cdcmple)
                  000056ce    00000086                                   : fd_cmp_t2.asm.obj (.text:__aeabi_cdrcmple)
                  00005754    00000084     drivers_cc13x2.a : PowerCC26X2_calibrateRCOSC_helpers.oem4f (.text:PowerCC26X2_updateSubSecInc)
                  000057d8    00000084     rf_multiMode_cc13x2.a : RFCC26X2_multiMode.c.cc13x2.ccs.o (.text:RF_issueRadioFreeCb)
                  0000585c    00000084                           : RFCC26X2_multiMode.c.cc13x2.ccs.o (.text:RF_verifyGap)
                  000058e0    00000080     driverlib.lib : chipinfo.obj (.text:NOROM_ChipInfo_GetChipType)
                  00005960    00000080                   : sys_ctrl.obj (.text:NOROM_SysCtrlSetRechargeBeforePowerDown)
                  000059e0    00000080     ti_sysbios_config.obj (.text:ti_sysbios_knl_Idle_init)
                  00005a60    00000080     ti_sysbios_config.obj (.text:ti_sysbios_knl_Task_checkStacks)
                  00005ae0    0000007c     drivers_cc13x2.a : GPIOCC26XX.oem4f (.text:GPIO_setConfig)
                  00005b5c    0000007c     rf_multiMode_cc13x2.a : RFCC26X2_multiMode.c.cc13x2.ccs.o (.text:RF_ratFreeChannel)
                  00005bd8    0000007c     ti_sysbios_config.obj (.text:_pthread_removeThreadKeys)
                  00005c54    0000007a     rtsv7M4_T_le_v4SPD16_eabi.lib : memset_t2.asm.obj (.text)
                  00005cce    00000002     drivers_cc13x2.a : PowerCC26X2.oem4f (.text:emptyClockFunc)
                  00005cd0    00000078                      : PowerCC26X2_calibrateRCOSC.oem4f (.text:PowerCC26X2_auxISR)
                  00005d48    00000078     ti_sysbios_config.obj (.text:ti_sysbios_knl_Task_postInit)
                  00005dc0    00000076     drivers_cc13x2.a : UART2CC26X2.oem4f (.text:UART2CC26X2_readCallback)
                  00005e36    00000074     ti_sysbios_config.obj (.text:ti_sysbios_heaps_HeapMem_allocUnprotected)
                  00005eaa    00000002     ti_drivers_config.obj (.text:rfDriverCallback)
                  00005eac    00000074     ti_sysbios_config.obj (.text:ti_sysbios_knl_Clock_startI)
                  00005f20    00000074     ti_sysbios_config.obj (.text:ti_sysbios_knl_Swi_restoreHwi)
                  00005f94    00000072     rf_multiMode_cc13x2.a : RFCC26X2_multiMode.c.cc13x2.ccs.o (.text:RF_detachOverrides)
                  00006006    00000070                           : rfc.c.cc13x2.ccs.o (.text:NOROM_RFCAnaDivTxOverride)
                  00006076    00000002     rtsv7M4_T_le_v4SPD16_eabi.lib : div0.asm.obj (.text)
                  00006078    00000070     rf_multiMode_cc13x2.a : RFCC26X2_multiMode.c.cc13x2.ccs.o (.text:RF_getCurrentTime)
                  000060e8    00000070     drivers_cc13x2.a : UART2CC26X2.oem4f (.text:UART2Support_dmaStopTx)
                  00006158    0000006e     rf_multiMode_cc13x2.a : RFCC26X2_multiMode.c.cc13x2.ccs.o (.text:RF_attachOverrides)
                  000061c6    0000006e                           : RFCC26X2_multiMode.c.cc13x2.ccs.o (.text:RF_howToSchedule)
                  00006234    0000006e     rtsv7M4_T_le_v4SPD16_eabi.lib : _printfi.c.obj (.text:_mcpy)
                  000062a2    00000002     ti_sysbios_config.obj (.text:ti_sysbios_runtime_System_exitSpin)
                  000062a4    0000006c     rf_multiMode_cc13x2.a : RFCC26X2_multiMode.c.cc13x2.ccs.o (.text:RF_dispatchNextEvent)
                  00006310    0000006c     ti_sysbios_config.obj (.text:ti_sysbios_knl_Clock_walkQueueDynamic)
                  0000637c    0000006c     ti_sysbios_config.obj (.text:ti_sysbios_knl_Swi_run)
                  000063e8    0000006c     ti_sysbios_config.obj (.text:ti_sysbios_knl_Task_schedule)
                  00006454    00000068     driverlib.lib : osc.obj (.text:NOROM_OSCHF_SwitchToRcOscTurnOffXosc)
                  000064bc    00000068     rf_multiMode_cc13x2.a : RFCC26X2_multiMode.c.cc13x2.ccs.o (.text:RF_hwiHw)
                  00006524    00000068     rtsv7M4_T_le_v4SPD16_eabi.lib : copy_decompress_lzss.c.obj (.text:decompress:lzss:__TI_decompress_lzss)
                  0000658c    00000068     ti_sysbios_config.obj (.text:ti_sysbios_knl_Task_startup)
                  000065f4    00000064     drivers_cc13x2.a : UART2CC26X2.oem4f (.text:UART2Support_dmaStopRx)
                  00006658    00000064     rtsv7M4_T_le_v4SPD16_eabi.lib : s_frexp.c.obj (.text:frexp)
                  000066bc    00000064     main_tirtos.obj (.text:main)
                  00006720    00000064     ti_sysbios_config.obj (.text:ti_sysbios_knl_Clock_init)
                  00006784    00000062     rf_multiMode_cc13x2.a : RFCC26X2_multiMode.c.cc13x2.ccs.o (.text:RF_syncCb)
                  000067e6    00000002     --HOLE-- [fill = 0]
                  000067e8    00000060                           : RFCC26X2_multiMode.c.cc13x2.ccs.o (.text:RF_applyRfCorePatch)
                  00006848    0000005c     driverlib.lib : prcm.obj (.text:NOROM_PRCMPowerDomainsAllOff)
                  000068a4    0000005c     rf_multiMode_cc13x2.a : RFCC26X2_multiMode.c.cc13x2.ccs.o (.text:RF_hwiCpe0PowerFsm)
                  00006900    0000005c     ti_sysbios_config.obj (.text:ti_sysbios_family_arm_m3_Hwi_postInit)
                  0000695c    0000005c     ti_sysbios_config.obj (.text:ti_sysbios_knl_Swi_Instance_init)
                  000069b8    0000005c     ti_sysbios_config.obj (.text:ti_sysbios_knl_Swi_schedule)
                  00006a14    00000058     drivers_cc13x2.a : PowerCC26X2_calibrateRCOSC.oem4f (.text:PowerCC26X2_initiateCalibration)
                  00006a6c    00000058     ti_sysbios_config.obj (.text:pthread_exit)
                  00006ac4    00000058     sysbios.a : boot.obj (.text)
                  00006b1c    00000058     ti_sysbios_config.obj (.text:ti_sysbios_family_arm_m3_Hwi_dispatchC)
                  00006b74    00000058     ti_sysbios_config.obj (.text:ti_sysbios_family_arm_m3_Hwi_excHandlerMin)
                  00006bcc    00000058     sysbios.a : Hwi_asm_switch.obj (.text:ti_sysbios_family_arm_m3_Hwi_initStacks)
                  00006c24    00000058     ti_sysbios_config.obj (.text:ti_sysbios_heaps_HeapMem_freeUnprotected)
                  00006c7c    00000058     ti_sysbios_config.obj (.text:ti_sysbios_knl_Semaphore_post)
                  00006cd4    00000058     ti_sysbios_config.obj (.text:ti_sysbios_knl_Swi_runLoop)
                  00006d2c    00000056     ti_drivers_config.obj (.text:Board_sendExtFlashByte)
                  00006d82    00000056     rf_multiMode_cc13x2.a : RFCC26X2_multiMode.c.cc13x2.ccs.o (.text:RF_defaultSubmitPolicy)
                  00006dd8    00000056     rtsv7M4_T_le_v4SPD16_eabi.lib : _printfi.c.obj (.text:_pconv_f)
                  00006e2e    00000002     --HOLE-- [fill = 0]
                  00006e30    00000054     ti_drivers_config.obj (.text:Board_shutDownExtFlash)
                  00006e84    00000054     rf_multiMode_cc13x2.a : RFCC26X2_multiMode.c.cc13x2.ccs.o (.text:RF_fsmXOSCState)
                  00006ed8    00000054     drivers_cc13x2.a : UART2CC26X2.oem4f (.text:UART2_flushRx)
                  00006f2c    00000054     rtsv7M4_T_le_v4SPD16_eabi.lib : _ltoa.c.obj (.text:__TI_ltoa)
                  00006f80    00000054     ti_sysbios_config.obj (.text:ti_sysbios_family_arm_cc26xx_Timer_dynamicMultiStub)
                  00006fd4    00000052     rtsv7M4_T_le_v4SPD16_eabi.lib : _printfi.c.obj (.text:_ecpy)
                  00007026    00000002     --HOLE-- [fill = 0]
                  00007028    00000050     drivers_cc13x2.a : GPIOCC26XX.oem4f (.text:GPIO_hwiIntFxn)
                  00007078    00000050                      : UART2CC26X2.oem4f (.text:UART2Support_dmaRefreshRx)
                  000070c8    0000004c     ti_sysbios_config.obj (.text:BIOS_init)
                  00007114    0000004c     driverlib.lib : prcm.obj (.text:NOROM_PRCMPowerDomainsAllOn)
                  00007160    0000004c     rf_multiMode_cc13x2.a : RFCC26X2_multiMode.c.cc13x2.ccs.o (.text:RF_wakeupNotification)
                  000071ac    0000004c     ti_sysbios_config.obj (.text:SwiP_construct)
                  000071f8    0000004c     drivers_cc13x2.a : UDMACC26XX.oem4f (.text:UDMACC26XX_open)
                  00007244    0000004c     rtsv7M4_T_le_v4SPD16_eabi.lib : atoi.c.obj (.text:atoi)
                  00007290    0000004c                                   : cpy_tbl.c.obj (.text:copy_in)
                  000072dc    0000004c     drivers_cc13x2.a : PowerCC26X2.oem4f (.text:switchXOSCHF)
                  00007328    0000004c     ti_sysbios_config.obj (.text:ti_sysbios_heaps_HeapMem_Instance_init)
                  00007374    0000004c     ti_sysbios_config.obj (.text:ti_sysbios_knl_Swi_post)
                  000073c0    00000048     rf_multiMode_cc13x2.a : rfc.c.cc13x2.ccs.o (.text:NOROM_RFCSynthPowerDown)
                  00007408    00000048     drivers_cc13x2.a : PowerCC26X2.oem4f (.text:PowerCC26XX_switchXOSC_HF)
                  00007450    00000048                      : PowerCC26X2_calibrateRCOSC.oem4f (.text:calibrateRcoscHf2)
                  00007498    00000048     uart2callback.obj (.text:parseInputString)
                  000074e0    00000048     rtsv7M4_T_le_v4SPD16_eabi.lib : fd_toi_t2.asm.obj (.text)
                  00007528    00000048     ti_sysbios_config.obj (.text:ti_sysbios_family_arm_m3_Hwi_disableInterrupt)
                  00007570    00000048     ti_sysbios_config.obj (.text:ti_sysbios_heaps_HeapMem_alloc)
                  000075b8    00000046     drivers_cc13x2.a : RingBuf.oem4f (.text:RingBuf_put)
                  000075fe    00000002     --HOLE-- [fill = 0]
                  00007600    00000044     ti_sysbios_config.obj (.text:BIOS_startFunc)
                  00007644    00000044     driverlib.lib : chipinfo.obj (.text:NOROM_ChipInfo_GetHwRevision)
                  00007688    00000044     uart2callback.obj (.text:callback)
                  000076cc    00000044     ti_sysbios_config.obj (.text:ti_sysbios_family_arm_cc26xx_Timer_start)
                  00007710    00000044     ti_sysbios_config.obj (.text:ti_sysbios_family_arm_m3_Hwi_enableInterrupt)
                  00007754    00000044     ti_sysbios_config.obj (.text:ti_sysbios_family_arm_m3_Hwi_getStackInfo)
                  00007798    00000044     ti_sysbios_config.obj (.text:ti_sysbios_heaps_HeapMem_getStats)
                  000077dc    00000040     ti_sysbios_config.obj (.text:HwiP_construct)
                  0000781c    00000040     driverlib.lib : osc.obj (.text:NOROM_OSC_HPOSCRelativeFrequencyOffsetGet)
                  0000785c    00000040     drivers_cc13x2.a : PowerCC26X2_calibrateRCOSC.oem4f (.text:PowerCC26X2_RCOSC_clockFunc)
                  0000789c    00000040                      : PowerCC26X2_helpers.oem4f (.text:PowerCC26X2_oscDisableQualifiers)
                  000078dc    00000040                      : PowerCC26X2_calibrateRCOSC_helpers.oem4f (.text:PowerCC26X2_setAclkRefSrc)
                  0000791c    00000040                      : PowerCC26X2.oem4f (.text:PowerCC26XX_isStableXOSC_HF)
                  0000795c    00000040     rf_multiMode_cc13x2.a : RFCC26X2_multiMode.c.cc13x2.ccs.o (.text:RF_updatePowerupDuration)
                  0000799c    00000040                           : rf_patch_cpe_prop.c.cc13x2.ccs.o (.text:configurePropPatch)
                  000079dc    00000040     rtsv7M4_T_le_v4SPD16_eabi.lib : sprintf.c.obj (.text:sprintf)
                  00007a1c    00000040     ti_sysbios_config.obj (.text:ti_sysbios_family_arm_cc26xx_Timer_setThreshold)
                  00007a5c    00000040     ti_sysbios_config.obj (.text:ti_sysbios_knl_Task_blockI)
                  00007a9c    0000003e     drivers_cc13x2.a : RingBuf.oem4f (.text:RingBuf_putAdvance)
                  00007ada    0000003e     rtsv7M4_T_le_v4SPD16_eabi.lib : _printfi.c.obj (.text:_fcpy)
                  00007b18    0000003c     driverlib.lib : osc.obj (.text:InternCapArrayAdjustWithBaseline7001F)
                  00007b54    0000003c     drivers_cc13x2.a : PowerCC26X2_calibrateRCOSC_helpers.oem4f (.text:PowerCC26X2_setTdcClkSrc24M)
                  00007b90    0000003c     rf_multiMode_cc13x2.a : RFCC26X2_multiMode.c.cc13x2.ccs.o (.text:RF_cmdGet)
                  00007bcc    0000003c                           : RFCC26X2_multiMode.c.cc13x2.ccs.o (.text:RF_cmdStoreEvents)
                  00007c08    0000003c     ti_sysbios_config.obj (.text:ti_sysbios_family_arm_m3_Hwi_construct2)
                  00007c44    0000003c     ti_sysbios_config.obj (.text:ti_sysbios_knl_ClockSupport_init)
                  00007c80    0000003c     ti_sysbios_config.obj (.text:ti_sysbios_knl_Task_exit)
                  00007cbc    00000038     rf_multiMode_cc13x2.a : RFCC26X2_multiMode.c.cc13x2.ccs.o (.text:RF_checkCmdFsError)
                  00007cf4    00000038     drivers_cc13x2.a : UART2CC26X2.oem4f (.text:UART2Support_sendData)
                  00007d2c    00000038                      : UART2.oem4f (.text:UART2_rxEnable)
                  00007d64    00000038                      : PowerCC26X2.oem4f (.text:notify)
                  00007d9c    00000038     ti_sysbios_config.obj (.text:ti_sysbios_family_arm_m3_Hwi_init)
                  00007dd4    00000038     ti_sysbios_config.obj (.text:ti_sysbios_heaps_HeapMem_construct)
                  00007e0c    00000038     ti_sysbios_config.obj (.text:ti_sysbios_knl_Swi_restore)
                  00007e44    00000038     ti_sysbios_config.obj (.text:ti_sysbios_knl_Task_processVitalTaskFlag)
                  00007e7c    00000038     ti_sysbios_config.obj (.text:ti_sysbios_runtime_Memory_alloc)
                  00007eb4    00000038     ti_sysbios_config.obj (.text:ti_sysbios_runtime_Startup_exec)
                  00007eec    00000034     ti_sysbios_config.obj (.text:ClockP_construct)
                  00007f20    00000034     driverlib.lib : aux_sysif.obj (.text:NOROM_AUXSYSIFOpModeChange)
                  00007f54    00000034                   : sys_ctrl.obj (.text:NOROM_SysCtrlIdle)
                  00007f88    00000034     rf_multiMode_cc13x2.a : RFCC26X2_multiMode.c.cc13x2.ccs.o (.text:RF_powerConstraintRelease)
                  00007fbc    00000034     drivers_cc13x2.a : RingBuf.oem4f (.text:RingBuf_getConsume)
                  00007ff0    00000034                      : RingBuf.oem4f (.text:RingBuf_putPointer)
                  00008024    00000034                      : UART2CC26X2.oem4f (.text:UART2CC26X2_initIO)
                  00008058    00000034     rtsv7M4_T_le_v4SPD16_eabi.lib : rand.c.obj (.text:rand)
                  0000808c    00000034     ti_sysbios_config.obj (.text:ti_sysbios_family_arm_m3_Hwi_Instance_finalize)
                  000080c0    00000034     ti_sysbios_config.obj (.text:ti_sysbios_knl_Task_create)
                  000080f4    00000034     ti_sysbios_config.obj (.text:ti_sysbios_knl_Task_unblockI)
                  00008128    00000034     ti_sysbios_config.obj (.text:ti_sysbios_runtime_System_atexit)
                  0000815c    00000032     ti_sysbios_config.obj (.text:ti_sysbios_family_arm_cc26xx_Timer_setNextTick)
                  0000818e    00000002     --HOLE-- [fill = 0]
                  00008190    00000030     ti_sysbios_config.obj (.text:BIOS_atExitFunc)
                  000081c0    00000030     ti_drivers_config.obj (.text:Board_wakeUpExtFlash)
                  000081f0    00000030     drivers_cc13x2.a : GPIO.oem4f (.text:GPIO_resetConfig)
                  00008220    00000030                      : PowerCC26X2.oem4f (.text:Power_releaseConstraint)
                  00008250    00000030                      : PowerCC26X2.oem4f (.text:Power_setConstraint)
                  00008280    00000030     ti_sysbios_config.obj (.text:SemaphoreP_construct)
                  000082b0    00000030     driverlib.lib : osc.obj (.text:SpecialCapArrayWorkaroundEnabledAndNeeded)
                  000082e0    00000030     ti_sysbios_config.obj (.text:ti_sysbios_family_arm_cc26xx_Timer_getCurrentTick)
                  00008310    00000030     ti_sysbios_config.obj (.text:ti_sysbios_heaps_HeapMem_free)
                  00008340    00000030     ti_sysbios_config.obj (.text:ti_sysbios_knl_Clock_Instance_init)
                  00008370    00000030     ti_sysbios_config.obj (.text:ti_sysbios_knl_Clock_getTicksUntilInterrupt)
                  000083a0    00000030     ti_sysbios_config.obj (.text:ti_sysbios_knl_TaskSupport_start)
                  000083d0    00000030     ti_sysbios_config.obj (.text:ti_sysbios_knl_Task_restore)
                  00008400    0000002e     drivers_cc13x2.a : UART2CC26X2.oem4f (.text:UART2Support_enableInts)
                  0000842e    0000002e     ti_sysbios_config.obj (.text:pthread_setcancelstate)
                  0000845c    0000002e     rtsv7M4_T_le_v4SPD16_eabi.lib : i_tofd_t2.asm.obj (.text)
                  0000848a    0000002e     ti_sysbios_config.obj (.text:ti_sysbios_family_arm_m3_Hwi_initStack)
                  000084b8    0000002c     rf_multiMode_cc13x2.a : RFCC26X2_multiMode.c.cc13x2.ccs.o (.text:RF_executeDirectImmediateCmd)
                  000084e4    0000002c                           : rf_patch_cpe_prop.c.cc13x2.ccs.o (.text:applyPropPatch)
                  00008510    0000002c     ti_sysbios_config.obj (.text:ti_sysbios_knl_Semaphore_pendTimeout)
                  0000853c    0000002c     ti_sysbios_config.obj (.text:ti_sysbios_runtime_System_processAtExit)
                  00008568    0000002a     drivers_cc13x2.a : List.oem4f (.text:List_insert)
                  00008592    0000002a     rf_multiMode_cc13x2.a : RFCC26X2_multiMode.c.cc13x2.ccs.o (.text:RF_searchAndReplacePAOverride)
                  000085bc    0000002a     drivers_cc13x2.a : RingBuf.oem4f (.text:RingBuf_getPointer)
                  000085e6    0000002a     ti_sysbios_config.obj (.text:ti_sysbios_gates_GateMutex_enter)
                  00008610    0000002a     ti_sysbios_config.obj (.text:ti_sysbios_knl_Clock_getTimeout)
                  0000863a    00000002     --HOLE-- [fill = 0]
                  0000863c    00000028     ti_sysbios_config.obj (.text:BIOS_rtsLock)
                  00008664    00000028     rf_multiMode_cc13x2.a : rfc.c.cc13x2.ccs.o (.text:NOROM_RFCOverrideSearch)
                  0000868c    00000028     drivers_cc13x2.a : PowerCC26X2.oem4f (.text:Power_registerNotify)
                  000086b4    00000028     rf_multiMode_cc13x2.a : RFCC26X2_multiMode.c.cc13x2.ccs.o (.text:RF_calculateDeltaTimeUs)
                  000086dc    00000028                           : RFCC26X2_multiMode.c.cc13x2.ccs.o (.text:RF_runCmd)
                  00008704    00000028     drivers_cc13x2.a : PowerCC26X2.oem4f (.text:oscillatorISR)
                  0000872c    00000028     ti_sysbios_config.obj (.text:ti_sysbios_family_arm_m3_Hwi_construct)
                  00008754    00000028     sysbios.a : Hwi_asm.obj (.text:ti_sysbios_family_arm_m3_Hwi_excHandlerAsm)
                  0000877c    00000028     ti_sysbios_config.obj (.text:ti_sysbios_gates_GateMutex_Instance_init)
                  000087a4    00000028     ti_sysbios_config.obj (.text:ti_sysbios_knl_Semaphore_Instance_init)
                  000087cc    00000028     ti_sysbios_config.obj (.text:ti_sysbios_knl_Swi_init)
                  000087f4    00000028     ti_sysbios_config.obj (.text:ti_sysbios_knl_Task_init)
                  0000881c    00000028     ti_sysbios_config.obj (.text:ti_sysbios_knl_Task_restoreHwi)
                  00008844    00000028     drivers_cc13x2.a : GPIOCC26XX.oem4f (.text:writePinmask64)
                  0000886c    00000026                      : List.oem4f (.text:List_put)
                  00008892    00000026                      : List.oem4f (.text:List_putHead)
                  000088b8    00000026                      : List.oem4f (.text:List_remove)
                  000088de    00000026                      : PowerCC26X2.oem4f (.text:disableLFClockQualifiers)
                  00008904    00000026     sysbios.a : Hwi_asm.obj (.text:ti_sysbios_family_arm_m3_Hwi_pendSV)
                  0000892a    00000002     --HOLE-- [fill = 0]
                  0000892c    00000024     ti_sysbios_config.obj (.text:BIOS_registerRTSLock)
                  00008950    00000024     driverlib.lib : osc.obj (.text:NOROM_OSCHF_TurnOnXosc)
                  00008974    00000024                   : osc.obj (.text:NOROM_OSC_CapArrayAdjustWorkaround_Boot)
                  00008998    00000024     rf_multiMode_cc13x2.a : rfc.c.cc13x2.ccs.o (.text:NOROM_RFCDoorbellSendTo)
                  000089bc    00000024     drivers_cc13x2.a : PowerCC26X2_calibrateRCOSC_helpers.oem4f (.text:PowerCC26X2_writeCtrim)
                  000089e0    00000024                      : PowerCC26X2_calibrateRCOSC_helpers.oem4f (.text:PowerCC26X2_writeCtrimFract)
                  00008a04    00000024                      : PowerCC26X2_calibrateRCOSC_helpers.oem4f (.text:PowerCC26X2_writeCtrimFractEn)
                  00008a28    00000024                      : PowerCC26X2_calibrateRCOSC_helpers.oem4f (.text:PowerCC26X2_writeRtrim)
                  00008a4c    00000024     rf_multiMode_cc13x2.a : RFCC26X2_multiMode.c.cc13x2.ccs.o (.text:RF_cmdAlloc)
                  00008a70    00000024                           : RFCC26X2_multiMode.c.cc13x2.ccs.o (.text:RF_invokeGlobalCallback)
                  00008a94    00000024     ti_sysbios_config.obj (.text:_pthread_cleanupFxn)
                  00008ab8    00000024     ti_sysbios_config.obj (.text:_pthread_delete)
                  00008adc    00000024     drivers_cc13x2.a : PowerCC26X2_calibrateRCOSC.oem4f (.text:getTdcSemaphore)
                  00008b00    00000024     ti_sysbios_config.obj (.text:pthread_attr_init)
                  00008b24    00000024     ti_sysbios_config.obj (.text:ti_sysbios_family_arm_cc26xx_Timer_getMaxTicks)
                  00008b48    00000024     ti_sysbios_config.obj (.text:ti_sysbios_family_arm_m3_Hwi_setPriority)
                  00008b6c    00000024     ti_sysbios_config.obj (.text:ti_sysbios_knl_Task_allBlockedFunction)
                  00008b90    00000024     ti_sysbios_config.obj (.text:ti_sysbios_knl_Task_destruct)
                  00008bb4    00000024     ti_sysbios_config.obj (.text:ti_sysbios_knl_Task_enter)
                  00008bd8    00000024     ti_sysbios_config.obj (.text:ti_sysbios_runtime_Error_raiseX)
                  00008bfc    00000022     drivers_cc13x2.a : List.oem4f (.text:List_get)
                  00008c1e    00000022                      : UART2CC26X2.oem4f (.text:UART2CC26X2_writeTimeout)
                  00008c40    00000020     ti_sysbios_config.obj (.text:BIOS_removeRTSLock)
                  00008c60    00000020     ti_sysbios_config.obj (.text:BIOS_rtsUnlock)
                  00008c80    00000020     drivers_cc13x2.a : PowerCC26X2_helpers.oem4f (.text:PowerCC26X2_disableTCXOQual)
                  00008ca0    00000020                      : PowerCC26X2_helpers.oem4f (.text:PowerCC26X2_enableTCXOQual)
                  00008cc0    00000020     rf_multiMode_cc13x2.a : RFCC26X2_multiMode.c.cc13x2.ccs.o (.text:RF_clkPowerUp)
                  00008ce0    00000020                           : RFCC26X2_multiMode.c.cc13x2.ccs.o (.text:RF_hwiCpe0ChangePhy)
                  00008d00    00000020                           : RFCC26X2_multiMode.c.cc13x2.ccs.o (.text:RF_isStateTransitionAllowed)
                  00008d20    00000020                           : RFCC26X2_multiMode.c.cc13x2.ccs.o (.text:RF_ratIsRunning)
                  00008d40    00000020     drivers_cc13x2.a : RingBuf.oem4f (.text:RingBuf_flush)
                  00008d60    00000020     ti_sysbios_config.obj (.text:SemaphoreP_constructBinary)
                  00008d80    00000020     ti_sysbios_config.obj (.text:ti_sysbios_knl_Task_construct)
                  00008da0    0000001e     drivers_cc13x2.a : PowerCC26X2.oem4f (.text:Power_getTransitionLatency)
                  00008dbe    0000001e     sysbios.a : Hwi_asm_switch.obj (.text:ti_sysbios_family_arm_m3_Hwi_switchAndRunFunc)
                  00008ddc    0000001e     ti_sysbios_config.obj (.text:ti_sysbios_knl_Semaphore_destruct)
                  00008dfa    00000002     --HOLE-- [fill = 0]
                  00008dfc    0000001c     drivers_cc13x2.a : GPIOCC26XX.oem4f (.text:GPIO_disableInt)
                  00008e18    0000001c                      : GPIO.oem4f (.text:GPIO_setCallback)
                  00008e34    0000001c                      : GPIOCC26XX.oem4f (.text:GPIO_setMux)
                  00008e50    0000001c     driverlib.lib : chipinfo.obj (.text:NOROM_ChipInfo_GetChipFamily)
                  00008e6c    0000001c     rf_multiMode_cc13x2.a : RFCC26X2_multiMode.c.cc13x2.ccs.o (.text:RF_clkInactivityCallback)
                  00008e88    0000001c                           : RFCC26X2_multiMode.c.cc13x2.ccs.o (.text:RF_getPAOverrideOffsetAndValue)
                  00008ea4    0000001c                           : RFCC26X2_multiMode.c.cc13x2.ccs.o (.text:RF_powerConstraintSet)
                  00008ec0    0000001c     drivers_cc13x2.a : UDMACC26XX.oem4f (.text:UDMACC26XX_initHw)
                  00008edc    0000001c     rtsv7M4_T_le_v4SPD16_eabi.lib : memccpy.c.obj (.text:memccpy)
                  00008ef8    0000001c     ti_sysbios_config.obj (.text:ti_sysbios_knl_Clock_scheduleNextTick)
                  00008f14    0000001c     ti_sysbios_config.obj (.text:ti_sysbios_knl_Queue_put)
                  00008f30    0000001c     sysbios.a : TaskSupport_asm.obj (.text:ti_sysbios_knl_TaskSupport_swap)
                  00008f4c    0000001a     drivers_cc13x2.a : PowerCC26X2.oem4f (.text:PowerCC26XX_calibrate)
                  00008f66    0000001a     rtsv7M4_T_le_v4SPD16_eabi.lib : s_copysign.c.obj (.text:copysign)
                  00008f80    0000001a     ti_sysbios_config.obj (.text:ti_sysbios_knl_Task_delete)
                  00008f9a    00000002     --HOLE-- [fill = 0]
                  00008f9c    00000018     ti_sysbios_config.obj (.text:PowerCC26XX_schedulerDisable)
                  00008fb4    00000018     ti_sysbios_config.obj (.text:PowerCC26XX_schedulerRestore)
                  00008fcc    00000018     drivers_cc13x2.a : PowerCC26X2.oem4f (.text:Power_idleFunc)
                  00008fe4    00000018     ti_drivers_config.obj (.text:RF_globalCallbackFunction)
                  00008ffc    00000018     rf_multiMode_cc13x2.a : RFCC26X2_multiMode.c.cc13x2.ccs.o (.text:RF_swiFsm)
                  00009014    00000018     drivers_cc13x2.a : UART2.oem4f (.text:UART2_Params_init)
                  0000902c    00000018     rtsv7M4_T_le_v4SPD16_eabi.lib : args_main.c.obj (.text:_args_main)
                  00009044    00000018                                   : sprintf.c.obj (.text:_outs)
                  0000905c    00000018                                   : ll_mul_t2.asm.obj (.text)
                  00009074    00000018     ti_sysbios_config.obj (.text:ti_sysbios_family_arm_m3_Hwi_plug)
                  0000908c    00000018     ti_sysbios_config.obj (.text:ti_sysbios_family_arm_m3_Hwi_switchFromBootStack)
                  000090a4    00000018     ti_sysbios_config.obj (.text:ti_sysbios_knl_Clock_getTicks)
                  000090bc    00000018     ti_sysbios_config.obj (.text:ti_sysbios_knl_Idle_run)
                  000090d4    00000018     ti_sysbios_config.obj (.text:ti_sysbios_knl_Swi_construct)
                  000090ec    00000018     ti_sysbios_config.obj (.text:ti_sysbios_knl_Swi_or)
                  00009104    00000018     ti_sysbios_config.obj (.text:ti_sysbios_knl_Task_unblock)
                  0000911c    00000016     ti_sysbios_config.obj (.text:BIOS_exitFunc)
                  00009132    00000016     ti_sysbios_config.obj (.text:HwiP_interruptsEnabled)
                  00009148    00000016     ti_sysbios_config.obj (.text:HwiP_setFunc)
                  0000915e    00000016     driverlib.lib : chipinfo.obj (.text:NOROM_ThisLibraryIsFor_CC13x2_CC26x2_HwRev20AndLater_HaltIfViolated)
                  00009174    00000016     drivers_cc13x2.a : PowerCC26X2_helpers.oem4f (.text:PowerCC26X2_oschfTrySwitchToXosc)
                  0000918a    00000016     rf_multiMode_cc13x2.a : RFCC26X2_multiMode.c.cc13x2.ccs.o (.text:RF_restartClockTimeout)
                  000091a0    00000016     rtsv7M4_T_le_v4SPD16_eabi.lib : strchr.c.obj (.text:strchr)
                  000091b6    00000016     ti_sysbios_config.obj (.text:ti_sysbios_knl_Clock_start)
                  000091cc    00000014     ti_sysbios_config.obj (.text:BIOS_setThreadType)
                  000091e0    00000014     ti_drivers_config.obj (.text:Board_init)
                  000091f4    00000014     drivers_cc13x2.a : GPIO.oem4f (.text:GPIO_setUserArg)
                  00009208    00000014                      : GPIOCC26XX.oem4f (.text:GPIO_write)
                  0000921c    00000014                      : List.oem4f (.text:List_clearList)
                  00009230    00000014     rf_multiMode_cc13x2.a : rfc.c.cc13x2.ccs.o (.text:NOROM_RFCCpeIntGetAndClear)
                  00009244    00000014     drivers_cc13x2.a : PowerCC26X2_calibrateRCOSC.oem4f (.text:PowerCC26X2_calibrate)
                  00009258    00000014                      : PowerCC26X2_helpers.oem4f (.text:PowerCC26X2_oscClockSourceGet)
                  0000926c    00000014     RFQueue.obj (.text:RFQueue_nextEntry)
                  00009280    00000014     rf_multiMode_cc13x2.a : RFCC26X2_multiMode.c.cc13x2.ccs.o (.text:RF_Params_init)
                  00009294    00000014                           : RFCC26X2_multiMode.c.cc13x2.ccs.o (.text:RF_dbellSyncOnAck)
                  000092a8    00000014                           : RFCC26X2_multiMode.c.cc13x2.ccs.o (.text:RF_ratGetChannel)
                  000092bc    00000014     ti_sysbios_config.obj (.text:pthread_attr_setschedparam)
                  000092d0    00000014     rtsv7M4_T_le_v4SPD16_eabi.lib : strlen.c.obj (.text:strlen)
                  000092e4    00000014     ti_sysbios_config.obj (.text:ti_sysbios_family_arm_cc26xx_Timer_dynamicStub)
                  000092f8    00000014     ti_sysbios_config.obj (.text:ti_sysbios_knl_Swi_construct2)
                  0000930c    00000014     ti_sysbios_config.obj (.text:ti_sysbios_knl_Swi_disable)
                  00009320    00000014     ti_sysbios_config.obj (.text:ti_sysbios_knl_Swi_enabled)
                  00009334    00000014     ti_sysbios_config.obj (.text:ti_sysbios_knl_Task_disable)
                  00009348    00000014     ti_sysbios_config.obj (.text:ti_sysbios_runtime_Error_init)
                  0000935c    00000014     ti_sysbios_config.obj (.text:ti_sysbios_runtime_Memory_free)
                  00009370    00000014     ti_sysbios_config.obj (.text:ti_sysbios_runtime_System_init)
                  00009384    00000012     drivers_cc13x2.a : RingBuf.oem4f (.text:RingBuf_construct)
                  00009396    00000012     ti_sysbios_config.obj (.text:SemaphoreP_pend)
                  000093a8    00000012     ti_sysbios_config.obj (.text:_pthread_cleanup_pop)
                  000093ba    00000012     ti_sysbios_config.obj (.text:_pthread_runStub)
                  000093cc    00000012     ti_sysbios_config.obj (.text:ti_sysbios_family_arm_cc26xx_Timer_postInit)
                  000093de    00000012     rtsv7M4_T_le_v4SPD16_eabi.lib : wcslen.c.obj (.text:wcslen)
                  000093f0    00000010     ti_sysbios_config.obj (.text:BIOS_exit)
                  00009400    00000010     ti_sysbios_config.obj (.text:BIOS_getCpuFreq)
                  00009410    00000010     ti_sysbios_config.obj (.text:BIOS_start)
                  00009420    00000010     ti_sysbios_config.obj (.text:HwiP_Params_init)
                  00009430    00000010     rf_multiMode_cc13x2.a : rfc.c.cc13x2.ccs.o (.text:NOROM_RFCHwIntGetAndClear)
                  00009440    00000010     drivers_cc13x2.a : PowerCC26X2_helpers.oem4f (.text:PRCMCacheRetentionEnable)
                  00009450    00000010                      : PowerCC26X2_helpers.oem4f (.text:PowerCC26X2_oscCtlClearXtal)
                  00009460    00000010                      : PowerCC26X2_calibrateRCOSC_helpers.oem4f (.text:PowerCC26X2_readCtrim)
                  00009470    00000010                      : PowerCC26X2_calibrateRCOSC_helpers.oem4f (.text:PowerCC26X2_readCtrimFract)
                  00009480    00000010                      : PowerCC26X2_calibrateRCOSC_helpers.oem4f (.text:PowerCC26X2_readRtrim)
                  00009490    00000010                      : PowerCC26X2_helpers.oem4f (.text:PowerCC26X2_switchToTCXO)
                  000094a0    00000010                      : PowerCC26X2_helpers.oem4f (.text:PowerCC26X2_sysCtrlVoltageConditionalControl)
                  000094b0    00000010     rf_multiMode_cc13x2.a : RFCC26X2_multiMode.c.cc13x2.ccs.o (.text:RF_dbellSubmitCmdAsync)
                  000094c0    00000010                           : RFCC26X2_multiMode.c.cc13x2.ccs.o (.text:RF_isClientOwner)
                  000094d0    00000010     ti_sysbios_config.obj (.text:SwiP_Params_init)
                  000094e0    00000010     drivers_cc13x2.a : UART2CC26X2.oem4f (.text:UART2CC26X2_postNotifyFxn)
                  000094f0    00000010                      : UART2CC26X2.oem4f (.text:UART2CC26X2_readTimeout)
                  00009500    00000010                      : UART2CC26X2.oem4f (.text:UART2Support_rxStatus2ErrorCode)
                  00009510    00000010                      : UART2CC26X2.oem4f (.text:UART2Support_txDone)
                  00009520    00000010     ti_sysbios_config.obj (.text:ti_sysbios_family_arm_cc26xx_Timer_getCount64)
                  00009530    00000010     ti_sysbios_config.obj (.text:ti_sysbios_family_arm_cc26xx_TimestampProvider_init)
                  00009540    00000010     ti_sysbios_config.obj (.text:ti_sysbios_family_arm_m3_Hwi_excHandler)
                  00009550    00000010     ti_sysbios_config.obj (.text:ti_sysbios_family_arm_m3_Hwi_getHandle)
                  00009560    00000010     ti_sysbios_config.obj (.text:ti_sysbios_family_arm_m3_Hwi_post)
                  00009570    00000010     ti_sysbios_config.obj (.text:ti_sysbios_knl_ClockSupport_getCurrentTick)
                  00009580    00000010     ti_sysbios_config.obj (.text:ti_sysbios_knl_ClockSupport_setNextTick)
                  00009590    00000010     ti_sysbios_config.obj (.text:ti_sysbios_knl_Clock_enqueueI)
                  000095a0    00000010     sysbios.a : TaskSupport_asm.obj (.text:ti_sysbios_knl_TaskSupport_glue)
                  000095b0    0000000e     rf_multiMode_cc13x2.a : RFCC26X2_multiMode.c.cc13x2.ccs.o (.text:RF_getSwitchingTimeInUs)
                  000095be    0000000e     drivers_cc13x2.a : UART2.oem4f (.text:UART2_write)
                  000095cc    0000000e     rtsv7M4_T_le_v4SPD16_eabi.lib : copy_decompress_none.c.obj (.text:decompress:none:__TI_decompress_none)
                  000095da    0000000e     ti_sysbios_config.obj (.text:pthread_attr_setdetachstate)
                  000095e8    0000000e     ti_sysbios_config.obj (.text:ti_sysbios_gates_GateMutex_leave)
                  000095f6    0000000e     ti_sysbios_config.obj (.text:ti_sysbios_heaps_HeapMem_restore)
                  00009604    0000000e     ti_sysbios_config.obj (.text:ti_sysbios_knl_Clock_initI)
                  00009612    0000000e     ti_sysbios_config.obj (.text:ti_sysbios_knl_Queue_empty)
                  00009620    0000000e     ti_sysbios_config.obj (.text:ti_sysbios_knl_Queue_remove)
                  0000962e    00000002     --HOLE-- [fill = 0]
                  00009630    0000000c     ti_sysbios_config.obj (.text:BIOS_getThreadType)
                  0000963c    0000000c     ti_sysbios_config.obj (.text:BIOS_linkedWithIncorrectBootLibrary)
                  00009648    0000000c     ti_sysbios_config.obj (.text:HwiP_disable)
                  00009654    0000000c     driverlib.lib : cpu.obj (.text:NOROM_CPUcpsid)
                  00009660    0000000c                   : cpu.obj (.text:NOROM_CPUcpsie)
                  0000966c    0000000c     drivers_cc13x2.a : PowerCC26X2.oem4f (.text:Power_getConstraintMask)
                  00009678    0000000c                      : PowerCC26X2.oem4f (.text:Power_getDependencyCount)
                  00009684    0000000c     RFQueue.obj (.text:RFQueue_getDataEntry)
                  00009690    0000000c     rf_multiMode_cc13x2.a : RFCC26X2_multiMode.c.cc13x2.ccs.o (.text:RF_powerConstraintGet)
                  0000969c    0000000c     drivers_cc13x2.a : UART2CC26X2.oem4f (.text:UART2Support_disableTx)
                  000096a8    0000000c                      : UART2CC26X2.oem4f (.text:UART2Support_enableRx)
                  000096b4    0000000c                      : UART2CC26X2.oem4f (.text:UART2Support_enableTx)
                  000096c0    0000000c     rtsv7M4_T_le_v4SPD16_eabi.lib : _lock.c.obj (.text:_register_lock)
                  000096cc    0000000c                                   : _lock.c.obj (.text:_register_unlock)
                  000096d8    0000000c                                   : copy_zero_init.c.obj (.text:decompress:ZI:__TI_zero_init)
                  000096e4    0000000c     drivers_cc13x2.a : PowerCC26X2.oem4f (.text:switchToTCXO)
                  000096f0    0000000c     ti_sysbios_config.obj (.text:ti_sysbios_heaps_HeapMem_init)
                  000096fc    0000000c     ti_sysbios_config.obj (.text:ti_sysbios_knl_ClockSupport_getMaxTicks)
                  00009708    0000000c     ti_sysbios_config.obj (.text:ti_sysbios_knl_Clock_tick)
                  00009714    0000000c     ti_sysbios_config.obj (.text:ti_sysbios_knl_Queue_dequeue)
                  00009720    0000000c     ti_sysbios_config.obj (.text:ti_sysbios_knl_Queue_enqueue)
                  0000972c    0000000c     ti_sysbios_config.obj (.text:ti_sysbios_knl_Queue_insert)
                  00009738    0000000c     ti_sysbios_config.obj (.text:ti_sysbios_knl_Swi_getTrigger)
                  00009744    0000000c     ti_sysbios_config.obj (.text:ti_sysbios_knl_Swi_self)
                  00009750    0000000c     ti_sysbios_config.obj (.text:ti_sysbios_knl_TaskSupport_checkStack)
                  0000975c    0000000c     ti_sysbios_config.obj (.text:ti_sysbios_knl_Task_self)
                  00009768    0000000c     ti_sysbios_config.obj (.text:ti_sysbios_runtime_System_exit)
                  00009774    0000000a     ti_sysbios_config.obj (.text:ClockP_Params_init)
                  0000977e    0000000a     drivers_cc13x2.a : PowerCC26X2_helpers.oem4f (.text:PowerCC26X2_sysCtrlStandby)
                  00009788    0000000a                      : UDMACC26XX.oem4f (.text:UDMACC26XX_hwiIntFxn)
                  00009792    0000000a     rtsv7M4_T_le_v4SPD16_eabi.lib : sprintf.c.obj (.text:_outc)
                  0000979c    0000000a     ti_sysbios_config.obj (.text:pthread_self)
                  000097a6    00000002     --HOLE-- [fill = 0]
                  000097a8    00000008     rtsv7M4_T_le_v4SPD16_eabi.lib : errno.c.obj (.text:__aeabi_errno_addr)
                  000097b0    00000008     ti_sysbios_config.obj (.text:pthread_attr_setstacksize)
                  000097b8    00000008     ti_sysbios_config.obj (.text:ti_sysbios_family_arm_m3_Hwi_doSwiRestore)
                  000097c0    00000008     ti_sysbios_config.obj (.text:ti_sysbios_family_arm_m3_Hwi_startup)
                  000097c8    00000008     ti_sysbios_config.obj (.text:ti_sysbios_knl_Idle_loop)
                  000097d0    00000006     driverlib.lib : cpu.obj (.text:NOROM_CPUdelay)
                  000097d6    00000006     rf_multiMode_cc13x2.a : RFCC26X2_multiMode.c.cc13x2.ccs.o (.text:RF_clkReqAccess)
                  000097dc    00000006     drivers_cc13x2.a : UART2CC26X2.oem4f (.text:UART2Support_powerSetConstraint)
                  000097e2    00000006                      : PowerCC26X2.oem4f (.text:delayUs)
                  000097e8    00000006     ti_sysbios_config.obj (.text:ti_sysbios_family_arm_m3_Hwi_doTaskRestore)
                  000097ee    00000006     ti_sysbios_config.obj (.text:ti_sysbios_family_arm_m3_Hwi_restore)
                  000097f4    00000006     ti_sysbios_config.obj (.text:ti_sysbios_knl_Clock_stop)
                  000097fa    00000006     ti_sysbios_config.obj (.text:ti_sysbios_knl_Queue_elemClear)
                  00009800    00000006     ti_sysbios_config.obj (.text:ti_sysbios_knl_Semaphore_Instance_finalize)
                  00009806    00000006     ti_sysbios_config.obj (.text:ti_sysbios_knl_Swi_startup)
                  0000980c    00000004     ti_sysbios_config.obj (.text:CPUwfi)
                  00009810    00000004     ti_sysbios_config.obj (.text:ClockP_getCpuFreq)
                  00009814    00000004     ti_sysbios_config.obj (.text:ClockP_getSystemTickPeriod)
                  00009818    00000004     ti_sysbios_config.obj (.text:ClockP_getTimeout)
                  0000981c    00000004     ti_sysbios_config.obj (.text:ClockP_isActive)
                  00009820    00000004     ti_sysbios_config.obj (.text:ClockP_setTimeout)
                  00009824    00000004     ti_sysbios_config.obj (.text:ClockP_start)
                  00009828    00000004     ti_sysbios_config.obj (.text:ClockP_stop)
                  0000982c    00000004     ti_sysbios_config.obj (.text:HwiP_enableInterrupt)
                  00009830    00000004     ti_sysbios_config.obj (.text:HwiP_post)
                  00009834    00000004     rf_multiMode_cc13x2.a : rfc.c.cc13x2.ccs.o (.text:NOROM_RFCOverrideUpdate)
                  00009838    00000004                           : RFCC26X2_multiMode.c.cc13x2.ccs.o (.text:RF_defaultExecutionPolicy)
                  0000983c    00000004     ti_sysbios_config.obj (.text:SemaphoreP_post)
                  00009840    00000004     ti_sysbios_config.obj (.text:SwiP_disable)
                  00009844    00000004     ti_sysbios_config.obj (.text:SwiP_getTrigger)
                  00009848    00000004     ti_sysbios_config.obj (.text:SwiP_or)
                  0000984c    00000004     drivers_cc13x2.a : PowerCC26X2.oem4f (.text:configureRFCoreClocks)
                  00009850    00000004                      : PowerCC26X2.oem4f (.text:nopResourceHandler)
                  00009854    00000004     ti_sysbios_config.obj (.text:ti_sysbios_heaps_HeapMem_isBlocking)

.const     0    00009858    0000106b     
                  00009858    00000bf4     ti_sysbios_config.obj (.const:$O2$$)
                  0000a44c    000001fc     rf_multiMode_cc13x2.a : rf_patch_cpe_prop.c.cc13x2.ccs.o (.const:patchImageProp)
                  0000a648    00000101     rtsv7M4_T_le_v4SPD16_eabi.lib : ctype.c.obj (.const:.string:_ctypes_)
                  0000a749    00000002     drivers_cc13x2.a : UART2CC26X2.oem4f (.const:.string:stopBits)
                  0000a74b    00000001     --HOLE-- [fill = 0]
                  0000a74c    00000058     ti_drivers_config.obj (.const:uart2CC26X2HWAttrs)
                  0000a7a4    00000054     drivers_cc13x2.a : PowerCC26X2.oem4f (.const:resourceDB)
                  0000a7f8    00000024                      : UART2.oem4f (.const:UART2_defaultParams)
                  0000a81c    00000020     rf_multiMode_cc13x2.a : RFCC26X2_multiMode.c.cc13x2.ccs.o (.const:RF_defaultParams)
                  0000a83c    00000014     ti_drivers_config.obj (.const:PowerCC26X2_config)
                  0000a850    00000010     uart2callback.obj (.const:.string:$P$T0$2)
                  0000a860    00000010     ti_drivers_config.obj (.const:GPIO_config)
                  0000a870    0000000c     ti_drivers_config.obj (.const:RFCC26XX_hwAttrs)
                  0000a87c    0000000a     ti_drivers_config.obj (.const)
                  0000a886    00000002     --HOLE-- [fill = 0]
                  0000a888    00000008     driverlib.lib : aux_sysif.obj (.const:$O1$$)
                  0000a890    00000008     ti_drivers_config.obj (.const:UART2_config)
                  0000a898    00000008     ti_drivers_config.obj (.const:UDMACC26XX_config)
                  0000a8a0    00000008     ti_sysbios_config.obj (.const:ti_sysbios_knl_Idle_funcList)
                  0000a8a8    00000008     ti_drivers_config.obj (.const:udmaCC26XXHWAttrs)
                  0000a8b0    00000005     drivers_cc13x2.a : UART2CC26X2.oem4f (.const:.string:parityType)
                  0000a8b5    00000005                      : UART2CC26X2.oem4f (.const:.string:rxFifoThreshold)
                  0000a8ba    00000005                      : UART2CC26X2.oem4f (.const:.string:txFifoThreshold)
                  0000a8bf    00000004                      : UART2CC26X2.oem4f (.const:.string:dataLength)

__llvm_prf_cnts 
*          0    20000000    00000000     UNINITIALIZED

.TI.bound:dmaUart0RxControlTableEntry 
*          0    20001810    00000010     UNINITIALIZED
                  20001810    00000010     ti_drivers_config.obj (.TI.bound:dmaUart0RxControlTableEntry)

.TI.bound:dmaUart0TxControlTableEntry 
*          0    20001820    00000010     UNINITIALIZED
                  20001820    00000010     ti_drivers_config.obj (.TI.bound:dmaUart0TxControlTableEntry)

.args      0    0000a8c4    00000008     
                  0000a8c4    00000008     --HOLE-- [fill = 0]

MODULE SUMMARY

       Module                                     code    ro data   rw data
       ------                                     ----    -------   -------
    .\
       uart2callback.obj                          1288    16        476    
       RFQueue.obj                                168     0         4      
       main_tirtos.obj                            100     0         0      
    +--+------------------------------------------+-------+---------+---------+
       Total:                                     1556    16        480    
                                                                           
    .\syscfg\
       ti_sysbios_config.obj                      9190    3128      1985   
       ti_drivers_config.obj                      514     170       996    
       ti_radio_config.obj                        0       0         168    
       ti_devices_config.obj                      0       88        0      
    +--+------------------------------------------+-------+---------+---------+
       Total:                                     9704    3386      3149   
                                                                           
    C:/ti/simplelink_cc13xx_cc26xx_sdk_6_10_00_29/kernel/tirtos7/packages/ti/sysbios/lib/ccs/m4f/sysbios.a
       Hwi_asm.obj                                322     0         0      
       auto_init.obj                              160     0         0      
       Hwi_asm_switch.obj                         118     0         0      
       boot.obj                                   88      0         0      
       TaskSupport_asm.obj                        44      0         0      
    +--+------------------------------------------+-------+---------+---------+
       Total:                                     732     0         0      
                                                                           
    C:/ti/simplelink_cc13xx_cc26xx_sdk_6_10_00_29/source/ti/devices/cc13x2_cc26x2/driverlib/bin/ccs/driverlib.lib
       osc.obj                                    484     0         36     
       sys_ctrl.obj                               420     0         0      
       setup.obj                                  368     0         0      
       chipinfo.obj                               246     0         0      
       prcm.obj                                   168     0         0      
       aux_sysif.obj                              52      8         0      
       cpu.obj                                    30      0         0      
    +--+------------------------------------------+-------+---------+---------+
       Total:                                     1768    8         36     
                                                                           
    C:/ti/simplelink_cc13xx_cc26xx_sdk_6_10_00_29/source/ti/drivers/lib/ccs/m4f/drivers_cc13x2.a
       UART2CC26X2.oem4f                          2478    21        0      
       PowerCC26X2.oem4f                          1898    84        368    
       UART2.oem4f                                1270    36        0      
       PowerCC26X2_calibrateRCOSC.oem4f           980     0         0      
       GPIOCC26XX.oem4f                           552     0         29     
       PowerCC26X2_calibrateRCOSC_helpers.oem4f   448     0         0      
       RingBuf.oem4f                              328     0         0      
       PowerCC26X2_helpers.oem4f                  244     0         0      
       List.oem4f                                 210     0         0      
       UDMACC26XX.oem4f                           114     0         0      
       GPIO.oem4f                                 96      0         0      
    +--+------------------------------------------+-------+---------+---------+
       Total:                                     8618    141       397    
                                                                           
    C:/ti/simplelink_cc13xx_cc26xx_sdk_6_10_00_29/source/ti/drivers/rf/lib/ccs/m4f/rf_multiMode_cc13x2.a
       RFCC26X2_multiMode.c.cc13x2.ccs.o          8378    32        1317   
       rf_patch_cpe_prop.c.cc13x2.ccs.o           108     508       1      
       rfc.c.cc13x2.ccs.o                         302     0         0      
    +--+------------------------------------------+-------+---------+---------+
       Total:                                     8788    540       1318   
                                                                           
    C:\ti\ccs1120\ccs\tools\compiler\ti-cgt-arm_20.2.5.LTS\lib\rtsv7M4_T_le_v4SPD16_eabi.lib
       _printfi.c.obj                             4851    0         0      
       fd_add_t2.asm.obj                          438     0         0      
       fd_div_t2.asm.obj                          310     0         0      
       s_scalbn.c.obj                             272     0         0      
       fd_cmp_t2.asm.obj                          268     0         0      
       ctype.c.obj                                0       257       0      
       fd_mul_t2.asm.obj                          252     0         0      
       memcpy_t2.asm.obj                          156     0         0      
       ull_div_t2.asm.obj                         150     0         0      
       memset_t2.asm.obj                          122     0         0      
       copy_decompress_lzss.c.obj                 104     0         0      
       s_frexp.c.obj                              100     0         0      
       sprintf.c.obj                              98      0         0      
       _ltoa.c.obj                                84      0         0      
       atoi.c.obj                                 76      0         0      
       cpy_tbl.c.obj                              76      0         0      
       fd_toi_t2.asm.obj                          72      0         0      
       rand.c.obj                                 52      0         4      
       i_tofd_t2.asm.obj                          46      0         0      
       _lock.c.obj                                26      0         8      
       memccpy.c.obj                              28      0         0      
       s_copysign.c.obj                           26      0         0      
       args_main.c.obj                            24      0         0      
       ll_mul_t2.asm.obj                          24      0         0      
       strchr.c.obj                               22      0         0      
       strlen.c.obj                               20      0         0      
       wcslen.c.obj                               18      0         0      
       copy_decompress_none.c.obj                 14      0         0      
       copy_zero_init.c.obj                       12      0         0      
       errno.c.obj                                8       0         4      
       stkdepth_vars.c.obj                        0       0         4      
       div0.asm.obj                               2       0         0      
    +--+------------------------------------------+-------+---------+---------+
       Total:                                     7751    257       20     
                                                                           
       Stack:                                     0       0         1024   
       Linker Generated:                          0       358       0      
    +--+------------------------------------------+-------+---------+---------+
       Grand Total:                               38917   4706      6424   


LINKER GENERATED COPY TABLES

__TI_cinit_table @ 0000aa18 records: 4, size/record: 8, table size: 32
	.data: load addr=0000a8d0, load size=00000122 bytes, run addr=200000d8, run size=00000cdf bytes, compression=lzss
	.TI.bound:dmaUart0RxControlTableEntry: load addr=0000aa00, load size=00000008 bytes, run addr=20001810, run size=00000010 bytes, compression=zero_init
	.TI.bound:dmaUart0TxControlTableEntry: load addr=0000aa08, load size=00000008 bytes, run addr=20001820, run size=00000010 bytes, compression=zero_init
	.bss: load addr=0000aa10, load size=00000008 bytes, run addr=20000db8, run size=00000741 bytes, compression=zero_init


LINKER GENERATED HANDLER TABLE

__TI_handler_table @ 0000a9f4 records: 3, size/record: 4, table size: 12
	index: 0, handler: __TI_decompress_lzss
	index: 1, handler: __TI_decompress_none
	index: 2, handler: __TI_zero_init


GLOBAL SYMBOLS: SORTED ALPHABETICALLY BY Name 

address   name                                                               
-------   ----                                                               
200007a8  BIOS_Module_state                                                  
00008191  BIOS_atExitFunc                                                    
000093f1  BIOS_exit                                                          
0000911d  BIOS_exitFunc                                                      
00009401  BIOS_getCpuFreq                                                    
00009631  BIOS_getThreadType                                                 
2000077c  BIOS_heapMemObject                                                 
000070c9  BIOS_init                                                          
0000963d  BIOS_linkedWithIncorrectBootLibrary                                
00000a8b  BIOS_nullFunc                                                      
0000892d  BIOS_registerRTSLock                                               
00008c41  BIOS_removeRTSLock                                                 
20000704  BIOS_rtsGate                                                       
0000863d  BIOS_rtsLock                                                       
00008c61  BIOS_rtsUnlock                                                     
000091cd  BIOS_setThreadType                                                 
00009411  BIOS_start                                                         
00007601  BIOS_startFunc                                                     
000091e1  Board_init                                                         
000026a3  Board_initHook                                                     
00006d2d  Board_sendExtFlashByte                                             
00006e31  Board_shutDownExtFlash                                             
000081c1  Board_wakeUpExtFlash                                               
0000486d  Boot_trimDevice                                                    
0000a87e  CONFIG_GPIO_LED_0_CONST                                            
0000a880  CONFIG_GPIO_UART2_0_RX_CONST                                       
0000a87f  CONFIG_GPIO_UART2_0_TX_CONST                                       
0000a881  CONFIG_RF_24GHZ_CONST                                              
0000a882  CONFIG_RF_HIGH_PA_CONST                                            
0000a883  CONFIG_RF_SUB1GHZ_CONST                                            
0000a884  CONFIG_UART2_0_CONST                                               
00009775  ClockP_Params_init                                                 
00007eed  ClockP_construct                                                   
00009811  ClockP_getCpuFreq                                                  
00009815  ClockP_getSystemTickPeriod                                         
000090a5  ClockP_getSystemTicks                                              
00009819  ClockP_getTimeout                                                  
0000981d  ClockP_isActive                                                    
00009821  ClockP_setTimeout                                                  
00009825  ClockP_start                                                       
00009829  ClockP_stop                                                        
0000a860  GPIO_config                                                        
00008dfd  GPIO_disableInt                                                    
00007029  GPIO_hwiIntFxn                                                     
00004019  GPIO_init                                                          
0000a87c  GPIO_pinLowerBound                                                 
0000a87d  GPIO_pinUpperBound                                                 
000081f1  GPIO_resetConfig                                                   
00008e19  GPIO_setCallback                                                   
00005ae1  GPIO_setConfig                                                     
00008e35  GPIO_setMux                                                        
000091f5  GPIO_setUserArg                                                    
00009209  GPIO_write                                                         
00004000  HEAPSIZE                                                           
00009421  HwiP_Params_init                                                   
000077dd  HwiP_construct                                                     
00009649  HwiP_disable                                                       
0000982d  HwiP_enableInterrupt                                               
00009133  HwiP_interruptsEnabled                                             
00009831  HwiP_post                                                          
000097ef  HwiP_restore                                                       
00009149  HwiP_setFunc                                                       
UNDEFED   ITM_flush                                                          
UNDEFED   ITM_restore                                                        
0000921d  List_clearList                                                     
00008bfd  List_get                                                           
00008569  List_insert                                                        
0000886d  List_put                                                           
00008893  List_putHead                                                       
000088b9  List_remove                                                        
00007f21  NOROM_AUXSYSIFOpModeChange                                         
00009655  NOROM_CPUcpsid                                                     
00009661  NOROM_CPUcpsie                                                     
000097d1  NOROM_CPUdelay                                                     
00008e51  NOROM_ChipInfo_GetChipFamily                                       
000058e1  NOROM_ChipInfo_GetChipType                                         
00007645  NOROM_ChipInfo_GetHwRevision                                       
00005429  NOROM_OSCHF_AttemptToSwitchToXosc                                  
00006455  NOROM_OSCHF_SwitchToRcOscTurnOffXosc                               
00008951  NOROM_OSCHF_TurnOnXosc                                             
00008975  NOROM_OSC_CapArrayAdjustWorkaround_Boot                            
0000781d  NOROM_OSC_HPOSCRelativeFrequencyOffsetGet                          
00006849  NOROM_PRCMPowerDomainsAllOff                                       
00007115  NOROM_PRCMPowerDomainsAllOn                                        
00006007  NOROM_RFCAnaDivTxOverride                                          
00009231  NOROM_RFCCpeIntGetAndClear                                         
00002e6b  NOROM_RFCCpePatchReset                                             
00008999  NOROM_RFCDoorbellSendTo                                            
00009431  NOROM_RFCHwIntGetAndClear                                          
00008665  NOROM_RFCOverrideSearch                                            
00009835  NOROM_RFCOverrideUpdate                                            
000073c1  NOROM_RFCSynthPowerDown                                            
0000486d  NOROM_SetupTrimDevice                                              
00007f55  NOROM_SysCtrlIdle                                                  
00005961  NOROM_SysCtrlSetRechargeBeforePowerDown                            
00003e39  NOROM_SysCtrlStandby                                               
0000915f  NOROM_ThisLibraryIsFor_CC13x2_CC26x2_HwRev20AndLater_HaltIfViolated
UNDEFED   PIN_hwi_bypass                                                     
0000785d  PowerCC26X2_RCOSC_clockFunc                                        
00005cd1  PowerCC26X2_auxISR                                                 
00009245  PowerCC26X2_calibrate                                              
0000a83c  PowerCC26X2_config                                                 
00008c81  PowerCC26X2_disableTCXOQual                                        
00008ca1  PowerCC26X2_enableTCXOQual                                         
00006a15  PowerCC26X2_initiateCalibration                                    
20000ae0  PowerCC26X2_module                                                 
00009259  PowerCC26X2_oscClockSourceGet                                      
00009451  PowerCC26X2_oscCtlClearXtal                                        
0000789d  PowerCC26X2_oscDisableQualifiers                                   
00006455  PowerCC26X2_oschfSwitchToRcosc                                     
00009175  PowerCC26X2_oschfTrySwitchToXosc                                   
00009441  PowerCC26X2_prcmEnableCacheRetention                               
00009461  PowerCC26X2_readCtrim                                              
00009471  PowerCC26X2_readCtrimFract                                         
00009481  PowerCC26X2_readRtrim                                              
000078dd  PowerCC26X2_setAclkRefSrc                                          
00007b55  PowerCC26X2_setTdcClkSrc24M                                        
00009491  PowerCC26X2_switchToTCXO                                           
00007f55  PowerCC26X2_sysCtrlIdle                                            
0000977f  PowerCC26X2_sysCtrlStandby                                         
000094a1  PowerCC26X2_sysCtrlVoltageConditionalControl                       
00005755  PowerCC26X2_updateSubSecInc                                        
000089bd  PowerCC26X2_writeCtrim                                             
000089e1  PowerCC26X2_writeCtrimFract                                        
00008a05  PowerCC26X2_writeCtrimFractEn                                      
00008a29  PowerCC26X2_writeRtrim                                             
00008f4d  PowerCC26XX_calibrate                                              
0000791d  PowerCC26XX_isStableXOSC_HF                                        
00008f9d  PowerCC26XX_schedulerDisable                                       
00008fb5  PowerCC26XX_schedulerRestore                                       
[...]
00008d41  RingBuf_flush                                                      
00008d61  SemaphoreP_constructBinary                                         
00008d81  ti_sysbios_knl_Task_construct                                      
00008da1  Power_getTransitionLatency                                         
00008dbf  ti_sysbios_family_arm_m3_Hwi_switchAndRunFunc                      
00008ddd  ti_sysbios_knl_Semaphore_destruct                                  
00008dfd  GPIO_disableInt                                                    
00008e19  GPIO_setCallback                                                   
00008e35  GPIO_setMux                                                        
00008e51  NOROM_ChipInfo_GetChipFamily                                       
00008ea5  RF_powerConstraintSet                                              
00008edd  memccpy                                                            
00008ef9  ti_sysbios_knl_Clock_scheduleNextTick                              
00008f15  ti_sysbios_knl_Queue_put                                           
00008f31  ti_sysbios_knl_TaskSupport_swap                                    
00008f41  ti_sysbios_knl_TaskSupport_swapReturn                              
00008f4d  PowerCC26XX_calibrate                                              
00008f67  copysign                                                           
00008f67  copysignl                                                          
00008f81  ti_sysbios_knl_Task_delete                                         
00008f9d  PowerCC26XX_schedulerDisable                                       
00008fb5  PowerCC26XX_schedulerRestore                                       
00008fcd  Power_idleFunc                                                     
00009015  UART2_Params_init                                                  
0000902d  _args_main                                                         
0000905d  __aeabi_lmul                                                       
00009075  ti_sysbios_family_arm_m3_Hwi_plug                                  
0000908d  ti_sysbios_family_arm_m3_Hwi_switchFromBootStack                   
000090a5  ClockP_getSystemTicks                                              
000090a5  ti_sysbios_knl_Clock_getTicks                                      
000090bd  ti_sysbios_knl_Idle_run                                            
000090d5  ti_sysbios_knl_Swi_construct                                       
000090ed  ti_sysbios_knl_Swi_or                                              
00009105  ti_sysbios_knl_Task_unblock                                        
0000911d  BIOS_exitFunc                                                      
00009133  HwiP_interruptsEnabled                                             
00009149  HwiP_setFunc                                                       
0000915f  NOROM_ThisLibraryIsFor_CC13x2_CC26x2_HwRev20AndLater_HaltIfViolated
00009175  PowerCC26X2_oschfTrySwitchToXosc                                   
000091a1  strchr                                                             
000091b7  ti_sysbios_knl_Clock_start                                         
000091cd  BIOS_setThreadType                                                 
000091e1  Board_init                                                         
000091f5  GPIO_setUserArg                                                    
00009209  GPIO_write                                                         
0000921d  List_clearList                                                     
00009231  NOROM_RFCCpeIntGetAndClear                                         
00009245  PowerCC26X2_calibrate                                              
00009259  PowerCC26X2_oscClockSourceGet                                      
0000926d  RFQueue_nextEntry                                                  
00009281  RF_Params_init                                                     
000092bd  pthread_attr_setschedparam                                         
000092d1  strlen                                                             
000092e5  ti_sysbios_family_arm_cc26xx_Timer_dynamicStub                     
000092f9  ti_sysbios_knl_Swi_construct2                                      
0000930d  ti_sysbios_family_arm_m3_Hwi_swiDisable                            
0000930d  ti_sysbios_knl_Swi_disable                                         
00009321  ti_sysbios_knl_Swi_enabled                                         
00009335  ti_sysbios_family_arm_m3_Hwi_taskDisable                           
00009335  ti_sysbios_knl_Task_disable                                        
00009349  ti_sysbios_runtime_Error_init                                      
0000935d  ti_sysbios_runtime_Memory_free                                     
00009371  ti_sysbios_runtime_System_init                                     
00009385  RingBuf_construct                                                  
00009397  SemaphoreP_pend                                                    
000093a9  _pthread_cleanup_pop                                               
000093cd  ti_sysbios_family_arm_cc26xx_Timer_postInit                        
000093df  wcslen                                                             
000093f1  BIOS_exit                                                          
00009401  BIOS_getCpuFreq                                                    
00009411  BIOS_start                                                         
00009421  HwiP_Params_init                                                   
00009431  NOROM_RFCHwIntGetAndClear                                          
00009441  PowerCC26X2_prcmEnableCacheRetention                               
00009451  PowerCC26X2_oscCtlClearXtal                                        
00009461  PowerCC26X2_readCtrim                                              
00009471  PowerCC26X2_readCtrimFract                                         
00009481  PowerCC26X2_readRtrim                                              
00009491  PowerCC26X2_switchToTCXO                                           
000094a1  PowerCC26X2_sysCtrlVoltageConditionalControl                       
000094d1  SwiP_Params_init                                                   
00009501  UART2Support_rxStatus2ErrorCode                                    
00009511  UART2Support_txDone                                                
00009521  ti_sysbios_family_arm_cc26xx_Timer_getCount64                      
00009531  ti_sysbios_family_arm_cc26xx_TimestampProvider_init                
00009531  ti_sysbios_runtime_Timestamp_init                                  
00009541  ti_sysbios_family_arm_m3_Hwi_excHandler                            
00009551  ti_sysbios_family_arm_m3_Hwi_getHandle                             
00009561  ti_sysbios_family_arm_m3_Hwi_post                                  
00009571  ti_sysbios_knl_ClockSupport_getCurrentTick                         
00009581  ti_sysbios_knl_ClockSupport_setNextTick                            
00009591  ti_sysbios_knl_Clock_enqueueI                                      
000095a1  ti_sysbios_knl_TaskSupport_glue                                    
000095bf  UART2_write                                                        
000095cd  __TI_decompress_none                                               
000095db  pthread_attr_setdetachstate                                        
000095e9  ti_sysbios_gates_GateMutex_leave                                   
000095f7  ti_sysbios_heaps_HeapMem_restore                                   
00009605  ti_sysbios_knl_Clock_initI                                         
00009613  ti_sysbios_knl_Queue_empty                                         
00009621  ti_sysbios_knl_Queue_remove                                        
00009631  BIOS_getThreadType                                                 
0000963d  BIOS_linkedWithIncorrectBootLibrary                                
00009649  HwiP_disable                                                       
00009655  NOROM_CPUcpsid                                                     
00009661  NOROM_CPUcpsie                                                     
0000966d  Power_getConstraintMask                                            
00009679  Power_getDependencyCount                                           
00009685  RFQueue_getDataEntry                                               
00009691  RF_powerConstraintGet                                              
0000969d  UART2Support_disableTx                                             
000096a9  UART2Support_enableRx                                              
000096b5  UART2Support_enableTx                                              
000096c1  _register_lock                                                     
000096cd  _register_unlock                                                   
000096d9  __TI_zero_init                                                     
000096f1  ti_sysbios_heaps_HeapMem_init                                      
000096fd  ti_sysbios_knl_ClockSupport_getMaxTicks                            
00009709  ti_sysbios_knl_Clock_tick                                          
00009715  ti_sysbios_knl_Queue_dequeue                                       
00009721  ti_sysbios_knl_Queue_enqueue                                       
0000972d  ti_sysbios_knl_Queue_insert                                        
00009739  ti_sysbios_knl_Swi_getTrigger                                      
00009745  ti_sysbios_knl_Swi_self                                            
00009751  ti_sysbios_knl_TaskSupport_checkStack                              
0000975d  ti_sysbios_knl_Task_self                                           
00009769  ti_sysbios_runtime_System_exit                                     
00009775  ClockP_Params_init                                                 
0000977f  PowerCC26X2_sysCtrlStandby                                         
00009789  UDMACC26XX_hwiIntFxn                                               
0000979d  pthread_self                                                       
000097a9  __aeabi_errno_addr                                                 
000097b1  pthread_attr_setstacksize                                          
000097b9  ti_sysbios_family_arm_m3_Hwi_doSwiRestore                          
000097c1  ti_sysbios_family_arm_m3_Hwi_startup                               
000097c9  ti_sysbios_knl_Idle_loop                                           
000097d1  NOROM_CPUdelay                                                     
000097dd  UART2Support_powerSetConstraint                                    
000097e9  ti_sysbios_family_arm_m3_Hwi_doTaskRestore                         
000097ef  HwiP_restore                                                       
000097f5  ti_sysbios_knl_Clock_stop                                          
000097fb  ti_sysbios_knl_Queue_destruct                                      
000097fb  ti_sysbios_knl_Queue_elemClear                                     
00009801  ti_sysbios_knl_Semaphore_Instance_finalize                         
00009807  ti_sysbios_knl_Swi_startup                                         
00009811  ClockP_getCpuFreq                                                  
00009815  ClockP_getSystemTickPeriod                                         
00009819  ClockP_getTimeout                                                  
0000981d  ClockP_isActive                                                    
00009821  ClockP_setTimeout                                                  
00009825  ClockP_start                                                       
00009829  ClockP_stop                                                        
0000982d  HwiP_enableInterrupt                                               
00009831  HwiP_post                                                          
00009835  NOROM_RFCOverrideUpdate                                            
00009839  RF_defaultExecutionPolicy                                          
0000983d  SemaphoreP_post                                                    
00009841  SwiP_disable                                                       
00009845  SwiP_getTrigger                                                    
00009849  SwiP_or                                                            
00009855  ti_sysbios_heaps_HeapMem_isBlocking                                
00009858  ti_sysbios_family_arm_cc26xx_Timer_funcHookCH1                     
0000985c  ti_sysbios_family_arm_cc26xx_Timer_funcHookCH2                     
0000a648  _ctypes_                                                           
0000a7a4  resourceDB                                                         
0000a7f8  UART2_defaultParams                                                
0000a83c  PowerCC26X2_config                                                 
0000a860  GPIO_config                                                        
0000a870  RFCC26XX_hwAttrs                                                   
0000a87c  GPIO_pinLowerBound                                                 
0000a87d  GPIO_pinUpperBound                                                 
0000a87e  CONFIG_GPIO_LED_0_CONST                                            
0000a87f  CONFIG_GPIO_UART2_0_TX_CONST                                       
0000a880  CONFIG_GPIO_UART2_0_RX_CONST                                       
0000a881  CONFIG_RF_24GHZ_CONST                                              
0000a882  CONFIG_RF_HIGH_PA_CONST                                            
0000a883  CONFIG_RF_SUB1GHZ_CONST                                            
0000a884  CONFIG_UART2_0_CONST                                               
0000a885  UART2_count                                                        
0000a890  UART2_config                                                       
0000a898  UDMACC26XX_config                                                  
0000a8a0  ti_sysbios_knl_Idle_funcList                                       
0000a8a8  udmaCC26XXHWAttrs                                                  
0000a8c4  __c_args__                                                         
0000a9f4  __TI_Handler_Table_Base                                            
0000aa00  __TI_Handler_Table_Limit                                           
0000aa18  __TI_CINIT_Base                                                    
0000aa38  __TI_CINIT_Limit                                                   
00057fa8  __ccfg                                                             
20000000  __start___llvm_prf_cnts                                            
20000000  __stop___llvm_prf_cnts                                             
20000000  ti_sysbios_family_arm_m3_Hwi_ramVectors                            
200005e2  ti_sysbios_knl_Idle_initDone                                       
200005e4  PowerCC26XX_taskKey                                                
200005e8  PowerCC26XX_swiKey                                                 
20000600  ti_sysbios_family_arm_cc26xx_TimestampProvider_Module_state        
20000604  ti_sysbios_knl_Task_defaultStackHeap                               
20000608  ti_sysbios_runtime_Memory_defaultHeapInstance                      
2000060c  ti_sysbios_gates_GateMutex_Module_state                            
20000614  ti_sysbios_heaps_HeapMem_Module_state                              
2000061c  ti_sysbios_knl_Event_state                                         
20000624  ti_sysbios_knl_Mailbox_Module_state                                
2000062c  ti_sysbios_knl_Semaphore_Module_state                              
20000640  ti_sysbios_family_arm_cc26xx_Timer_Module_state                    
2000064c  ti_sysbios_runtime_Error_ignore                                    
20000658  ti_sysbios_runtime_System_Module_state                             
20000688  ti_sysbios_hal_Seconds_Module_state                                
20000704  BIOS_rtsGate                                                       
2000072c  ti_sysbios_heaps_HeapMem_gate                                      
20000754  ti_sysbios_knl_Swi_Module_state                                    
2000077c  BIOS_heapMemObject                                                 
200007a8  BIOS_Module_state                                                  
200007d4  ti_sysbios_family_arm_m3_Hwi_Module_state                          
20000810  ti_sysbios_knl_Task_Module_state                                   
2000084c  ti_sysbios_knl_Idle_taskStruct                                     
200008a8  ti_sysbios_knl_ClockSupport_timerStruct                            
20000908  ti_sysbios_knl_Clock_Module_state                                  
20000ae0  PowerCC26X2_module                                                 
20000c50  gpioPinConfigs                                                     
20000ccc  RF_cmdPropRadioDivSetup_custom2400_1                               
20000cfc  _hposcCoeffs                                                       
20000d20  RF_cmdPropRx_custom2400_1                                          
20000d44  RF_cmdFs_custom2400_1                                              
20000d5c  RF_cmdPropTx_custom2400_1                                          
20000d74  pOverrides_custom2400_1                                            
20000d88  RF_prop_custom2400_1                                               
20000d98  _lock                                                              
20000d9c  _unlock                                                            
20000da0  RFCC26XX_schedulerPolicy                                           
20000da8  errno                                                              
20000db0  main_func_sp                                                       
20000db6  ti_sysbios_runtime_Startup_done                                    
20000db8  ti_sysbios_knl_Idle_taskStack                                      
20000fb8  uart2CC26X2Objects                                                 
200011a8  ti_sysbios_family_arm_m3_Hwi_dispatchTable                         
20001280  gpioCallbackFunctions                                              
200012fc  gpioUserArgs                                                       
200013e0  ti_sysbios_knl_Swi_readyQs                                         
20001410  ti_sysbios_knl_Task_readyQs                                        
20001480  ti_sysbios_runtime_System_atexitHandlers                           
200014a0  udmaCC26XXObject                                                   
200014f4  readEntry                                                          
20001830  __primary_heap_start__                                             
20005830  __primary_heap_end__                                               
20013c00  __stack                                                            
20014000  __STACK_END                                                        
ffffffff  __TI_pprof_out_hndl                                                
ffffffff  __TI_prof_data_size                                                
ffffffff  __TI_prof_data_start                                               
ffffffff  __binit__                                                          
ffffffff  binit                                                              
UNDEFED   ITM_flush                                                          
UNDEFED   ITM_restore                                                        
UNDEFED   PIN_hwi_bypass                                                     
UNDEFED   SHT$$INIT_ARRAY$$Base                                              
UNDEFED   SHT$$INIT_ARRAY$$Limit                                             

[503 symbols]
